 PSINS

 Timestamp is 579d96f7 (Sun Jul 31 14:13:11 2016)

 Preferred load address is 00400000

 Start         Length     Name                   Class
 0001:00000000 0001f262H .text                   CODE
 0001:0001f270 00000016H .text$x                 CODE
 0002:00000000 000014baH .rdata                  DATA
 0002:000014c0 00000028H .xdata$x                DATA
 0002:000014e8 00000000H .edata                  DATA
 0003:00000000 00000004H .CRT$XCA                DATA
 0003:00000004 0000000cH .CRT$XCU                DATA
 0003:00000010 00000004H .CRT$XCZ                DATA
 0003:00000014 00000004H .CRT$XIA                DATA
 0003:00000018 00000008H .CRT$XIC                DATA
 0003:00000020 00000004H .CRT$XIY                DATA
 0003:00000024 00000004H .CRT$XIZ                DATA
 0003:00000028 00000004H .CRT$XPA                DATA
 0003:0000002c 00000004H .CRT$XPX                DATA
 0003:00000030 00000004H .CRT$XPZ                DATA
 0003:00000034 00000004H .CRT$XTA                DATA
 0003:00000038 00000004H .CRT$XTB                DATA
 0003:0000003c 00000004H .CRT$XTZ                DATA
 0003:00000040 000030dcH .data                   DATA
 0003:00003120 00001720H .bss                    DATA
 0004:00000000 00000014H .idata$2                DATA
 0004:00000014 00000014H .idata$3                DATA
 0004:00000028 000000e8H .idata$4                DATA
 0004:00000110 000000e8H .idata$5                DATA
 0004:000001f8 00000402H .idata$6                DATA

  Address         Publics by Value              Rva+Base     Lib:Object

 0001:00000000       _main                      00401000 f   Main.obj
 0001:00000150       ?main1@@YAXXZ              00401150 f   Main.obj
 0001:00000a20       ??_H@YGXPAXIHP6EX0@Z@Z     00401a20 f i Main.obj
 0001:00000a80       ??0CVect3@@QAE@XZ          00401a80 f i Main.obj
 0001:00000ab0       ??0CVect3@@QAE@NNN@Z       00401ab0 f i Main.obj
 0001:00000b10       ??HCVect3@@QAE?AV0@AAV0@@Z 00401b10 f i Main.obj
 0001:00000b90       ??GCVect3@@QAE?AV0@AAV0@@Z 00401b90 f i Main.obj
 0001:00000c10       ??GCQuat@@QAE?AV0@AAVCVect3@@@Z 00401c10 f i Main.obj
 0001:00000c80       ??0CMat3@@QAE@XZ           00401c80 f i Main.obj
 0001:00000cb0       ??0CMat3@@QAE@NNNNNNNNN@Z  00401cb0 f i Main.obj
 0001:00000d60       ??S@YA?AVCMat3@@AAV0@@Z    00401d60 f i Main.obj
 0001:00000e10       ??RCMat@@QAEAANHH@Z        00401e10 f i Main.obj
 0001:00000e50       ??1CIMUFile@@QAE@XZ        00401e50 f i Main.obj
 0001:00001030       ??0CGLV@@QAE@NNNN@Z        00402030 f   PSINS.obj
 0001:00001270       ??0CVect3@@QAE@AAVCMat3@@@Z 00402270 f   PSINS.obj
 0001:00001330       ??0CVect3@@QAE@AAVCQuat@@@Z 00402330 f   PSINS.obj
 0001:00001390       ?rv2q@@YA?AVCQuat@@AAVCVect3@@@Z 00402390 f   PSINS.obj
 0001:000014e0       ?pp2vn@@YA?AVCVect3@@AAV1@0NPAVCEarth@@@Z 004024e0 f   PSINS.obj
 0001:00001640       ??0CQuat@@QAE@AAVCVect3@@@Z 00402640 f   PSINS.obj
 0001:000016a0       ??0CQuat@@QAE@AAVCMat3@@@Z 004026a0 f   PSINS.obj
 0001:000018d0       ??GCQuat@@QAE?AVCVect3@@AAV0@@Z 004028d0 f   PSINS.obj
 0001:00001a10       ??DCQuat@@QAE?AV0@AAV0@@Z  00402a10 f   PSINS.obj
 0001:00001b40       ??DCQuat@@QAE?AVCVect3@@AAV1@@Z 00402b40 f   PSINS.obj
 0001:00001cd0       ??DCVect3@@QAE?AV0@N@Z     00402cd0 f i PSINS.obj
 0001:00001d50       ?normlize@@YAXPAVCQuat@@@Z 00402d50 f   PSINS.obj
 0001:00001e00       ??0CQuat@@QAE@XZ           00402e00 f i PSINS.obj
 0001:00001e30       ??0CQuat@@QAE@NNNN@Z       00402e30 f i PSINS.obj
 0001:00001ea0       ?q2rv@@YA?AVCVect3@@AAVCQuat@@@Z 00402ea0 f   PSINS.obj
 0001:00001fd0       ??S@YA?AVCQuat@@AAV0@@Z    00402fd0 f i PSINS.obj
 0001:00002050       ??0CMat3@@QAE@AAVCVect3@@@Z 00403050 f   PSINS.obj
 0001:000021b0       ??0CMat3@@QAE@AAVCQuat@@@Z 004031b0 f   PSINS.obj
 0001:00002300       ??DCMat3@@QAE?AV0@AAV0@@Z  00403300 f   PSINS.obj
 0001:000024d0       ??HCMat3@@QAE?AV0@AAV0@@Z  004034d0 f   PSINS.obj
 0001:000025b0       ??GCMat3@@QAE?AV0@AAV0@@Z  004035b0 f   PSINS.obj
 0001:00002690       ?askew@@YA?AVCMat3@@AAVCVect3@@@Z 00403690 f   PSINS.obj
 0001:00002730       ?det@@YANAAVCMat3@@@Z      00403730 f   PSINS.obj
 0001:000027c0       ?inv@@YA?AVCMat3@@AAV1@@Z  004037c0 f   PSINS.obj
 0001:000029a0       ?svd3@@YAHAAVCMat3@@000@Z  004039a0 f   PSINS.obj
 0001:00003820       ??DCVect3@@QAE?AV0@AAV0@@Z 00404820 f i PSINS.obj
 0001:000038d0       ?norm@@YANAAVCVect3@@@Z    004048d0 f i PSINS.obj
 0001:00003930       ??D@YA?AVCMat3@@NAAV0@@Z   00404930 f i PSINS.obj
 0001:00003a00       ?diag@@YA?AVCMat3@@AAVCVect3@@@Z 00404a00 f i PSINS.obj
 0001:00003a90       ??DCMat@@QAE?AV0@AAV0@@Z   00404a90 f   PSINS.obj
 0001:00003c90       ??0CMat@@QAE@HH@Z          00404c90 f i PSINS.obj
 0001:00003ce0       ??HCMat@@QAE?AV0@AAV0@@Z   00404ce0 f   PSINS.obj
 0001:00003dd0       ??GCMat@@QAE?AV0@AAV0@@Z   00404dd0 f   PSINS.obj
 0001:00003ec0       ??DCMat@@QAE?AV0@N@Z       00404ec0 f   PSINS.obj
 0001:00003f90       ??S@YA?AVCMat@@AAV0@@Z     00404f90 f   PSINS.obj
 0001:00004080       ??RCMat@@QAE?AV0@DH@Z      00405080 f   PSINS.obj
 0001:00004240       ??0CKalman@@QAE@HH@Z       00405240 f   PSINS.obj
 0001:00004430       ??0CMat@@QAE@XZ            00405430 f i PSINS.obj
 0001:00004460       ??0CMat@@QAE@HHN@Z         00405460 f i PSINS.obj
 0001:000044e0       ?TimeUpdate@CKalman@@QAEXN@Z 004054e0 f   PSINS.obj
 0001:00004650       ?MeasUpdate@CKalman@@QAEXN@Z 00405650 f   PSINS.obj
 0001:000048e0       ?SetPk@CKalman@@QAAXNZZ    004058e0 f   PSINS.obj
 0001:00004960       ?SetQt@CKalman@@QAAXNZZ    00405960 f   PSINS.obj
 0001:000049e0       ?SetRk@CKalman@@QAAXNZZ    004059e0 f   PSINS.obj
 0001:00004a60       ?SetZk@CKalman@@QAAXNZZ    00405a60 f   PSINS.obj
 0001:00004ae0       ?SetFt@CKalman@@QAEXAAVCSINS@@@Z 00405ae0 f   PSINS.obj
 0001:00005410       ?SetHk@CKalman@@QAEXXZ     00406410 f   PSINS.obj
 0001:00005500       ??0CEarth@@QAE@NNN@Z       00406500 f   PSINS.obj
 0001:00005640       ?Update@CEarth@@QAEXAAVCVect3@@0@Z 00406640 f   PSINS.obj
 0001:000058f0       ?Update@CIMU@@QAEXPAVCVect3@@0H@Z 004068f0 f   PSINS.obj
 0001:00005c80       ??D@YA?AVCVect3@@NAAV0@@Z  00406c80 f i PSINS.obj
 0001:00005cf0       ??0CSINS@@QAE@AAVCQuat@@AAVCVect3@@1@Z 00406cf0 f   PSINS.obj
 0001:00005ff0       ??0CIMU@@QAE@XZ            00406ff0 f i PSINS.obj
 0001:00006060       ?Update@CSINS@@QAEXPAVCVect3@@0HN@Z 00407060 f   PSINS.obj
 0001:000065b0       ??KCVect3@@QAE?AV0@N@Z     004075b0 f i PSINS.obj
 0001:00006630       ??G@YA?AVCVect3@@AAV0@@Z   00407630 f i PSINS.obj
 0001:000066a0       ??DCMat3@@QAE?AVCVect3@@AAV1@@Z 004076a0 f i PSINS.obj
 0001:00006770       ?vn2dpos@CEarth@@QAE?AVCVect3@@AAV2@N@Z 00407770 f i PSINS.obj
 0001:00006800       ?etm@CSINS@@QAEXAAVCMat3@@0000000@Z 00407800 f   PSINS.obj
 0001:00006c20       ??0CIMUFile@@QAE@PAD@Z     00407c20 f   PSINS.obj
 0001:00006ea0       ?Skip@CIMUFile@@QAEHH@Z    00407ea0 f   PSINS.obj
 0001:00006f50       ?Load@CIMUFile@@QAEHPAVCVect3@@0H@Z 00407f50 f   PSINS.obj
 0001:000070f0       ?AlignCoarse@@YA?AVCMat3@@VCVect3@@0N@Z 004080f0 f   PSINS.obj
 0001:000072c0       ?assert@@YAHH@Z            004082c0 f   PSINS.obj
 0001:00007300       ?signE@@YAHNN@Z            00408300 f   PSINS.obj
 0001:00007360       ?range@@YANNNN@Z           00408360 f   PSINS.obj
 0001:000073d0       ?atan2Ex@@YANNN@Z          004083d0 f   PSINS.obj
 0001:00007460       __fpmath                   00408460 f   LIBCD:fpinit.obj
 0001:00007490       __fpclear                  00408490 f   LIBCD:fpinit.obj
 0001:000074a0       __cfltcvt_init             004084a0 f   LIBCD:fpinit.obj
 0001:000074f0       ___setfflag                004084f0 f   LIBCD:fpinit.obj
 0001:00007510       __chkesp                   00408510 f   LIBCD:chkesp.obj
 0001:00007550       _fclose                    00408550 f   LIBCD:fclose.obj
 0001:00007630       __CIsqrt                   00408630 f   LIBCD:sqrt.obj
 0001:00007644       _sqrt                      00408644 f   LIBCD:sqrt.obj
 0001:000076f0       _fprintf                   004086f0 f   LIBCD:fprintf.obj
 0001:000077a0       __fsopen                   004087a0 f   LIBCD:fopen.obj
 0001:00007890       _fopen                     00408890 f   LIBCD:fopen.obj
 0001:000078b0       ?_JumpToContinuation@@YGXPAXPAUEHRegistrationNode@@@Z 004088b0 f   LIBCD:trnsctrl.obj
 0001:000078f0       ?_CallMemberFunction0@@YGXPAX0@Z 004088f0 f   LIBCD:trnsctrl.obj
 0001:00007900       ?_CallMemberFunction1@@YGXPAX00@Z 00408900 f   LIBCD:trnsctrl.obj
 0001:00007910       ?_CallMemberFunction2@@YGXPAX00H@Z 00408910 f   LIBCD:trnsctrl.obj
 0001:00007920       ?_UnwindNestedFrames@@YGXPAUEHRegistrationNode@@PAUEHExceptionRecord@@@Z 00408920 f   LIBCD:trnsctrl.obj
 0001:00007980       ___CxxFrameHandler         00408980 f   LIBCD:trnsctrl.obj
 0001:000079c0       ___CxxLongjmpUnwind@4      004089c0 f   LIBCD:trnsctrl.obj
 0001:000079f0       ?_CallCatchBlock2@@YAPAXPAUEHRegistrationNode@@PBU_s_FuncInfo@@PAXHK@Z 004089f0 f   LIBCD:trnsctrl.obj
 0001:00007aa0       ?_CallSETranslator@@YAHPAUEHExceptionRecord@@PAUEHRegistrationNode@@PAX2PBU_s_FuncInfo@@H1@Z 00408aa0 f   LIBCD:trnsctrl.obj
 0001:00007c00       ?_GetRangeOfTrysToCheck@@YAPBU_s_TryBlockMapEntry@@PBU_s_FuncInfo@@HHPAI1@Z 00408c00 f   LIBCD:trnsctrl.obj
 0001:00007c90       __alloca_probe             00408c90 f   LIBCD:chkstk.obj
 0001:00007c90       __chkstk                   00408c90 f   LIBCD:chkstk.obj
 0001:00007cc0       __global_unwind2           00408cc0 f   LIBCD:exsup.obj
 0001:00007d02       __local_unwind2            00408d02 f   LIBCD:exsup.obj
 0001:00007d5a       __NLG_Return2              00408d5a f   LIBCD:exsup.obj
 0001:00007d6a       __abnormal_termination     00408d6a f   LIBCD:exsup.obj
 0001:00007d8d       __NLG_Notify1              00408d8d f   LIBCD:exsup.obj
 0001:00007d96       __NLG_Notify               00408d96 f   LIBCD:exsup.obj
 0001:00007da9       __NLG_Dispatch             00408da9 f   LIBCD:exsup.obj
 0001:00007db0       __ftol                     00408db0 f   LIBCD:ftol.obj
 0001:00007de0       __CIasin                   00408de0 f   LIBCD:asin.obj
 0001:00007df4       _asin                      00408df4 f   LIBCD:asin.obj
 0001:00007eb0       __CIsin                    00408eb0 f   LIBCD:sin.obj
 0001:00007ec4       _sin                       00408ec4 f   LIBCD:sin.obj
 0001:00007f60       __CIcos                    00408f60 f   LIBCD:cos.obj
 0001:00007f74       _cos                       00408f74 f   LIBCD:cos.obj
 0001:00008010       _fabs                      00409010 f   LIBCD:fabs.obj
 0001:00008110       __CIacos                   00409110 f   LIBCD:acos.obj
 0001:00008124       _acos                      00409124 f   LIBCD:acos.obj
 0001:000081e0       __CIpow                    004091e0 f   LIBCD:pow.obj
 0001:000081f9       _pow                       004091f9 f   LIBCD:pow.obj
 0001:00008400       _fseek                     00409400 f   LIBCD:fseek.obj
 0001:00008530       _fscanf                    00409530 f   LIBCD:fscanf.obj
 0001:000085c0       _printf                    004095c0 f   LIBCD:printf.obj
 0001:00008640       _fmod                      00409640 f   LIBCD:87fmod.obj
 0001:0000864a       __CIfmod                   0040964a f   LIBCD:87fmod.obj
 0001:00008680       __CItan                    00409680 f   LIBCD:tan.obj
 0001:00008694       _tan                       00409694 f   LIBCD:tan.obj
 0001:00008740       _atan2                     00409740 f   LIBCD:87ctriga.obj
 0001:0000874a       __CIatan2                  0040974a f   LIBCD:87ctriga.obj
 0001:00008760       _mainCRTStartup            00409760 f   LIBCD:crt0.obj
 0001:00008890       __amsg_exit                00409890 f   LIBCD:crt0.obj
 0001:000088f0       __setdefaultprecision      004098f0 f   LIBCD:fp8.obj
 0001:00008910       __ms_p5_test_fdiv          00409910 f   LIBCD:testfdiv.obj
 0001:00008970       __ms_p5_mp_test_fdiv       00409970 f   LIBCD:testfdiv.obj
 0001:000089c0       __forcdecpt                004099c0 f   LIBCD:cvt.obj
 0001:00008a70       __cropzeros                00409a70 f   LIBCD:cvt.obj
 0001:00008b50       __positive                 00409b50 f   LIBCD:cvt.obj
 0001:00008b80       __fassign                  00409b80 f   LIBCD:cvt.obj
 0001:00008bd0       __cftoe                    00409bd0 f   LIBCD:cvt.obj
 0001:00008d90       __cftof                    00409d90 f   LIBCD:cvt.obj
 0001:00008f20       __cftog                    00409f20 f   LIBCD:cvt.obj
 0001:00009090       __cfltcvt                  0040a090 f   LIBCD:cvt.obj
 0001:00009120       __CrtDbgBreak              0040a120 f   LIBCD:dbgrpt.obj
 0001:00009130       __CrtSetReportMode         0040a130 f   LIBCD:dbgrpt.obj
 0001:00009190       __CrtSetReportFile         0040a190 f   LIBCD:dbgrpt.obj
 0001:00009210       __CrtSetReportHook         0040a210 f   LIBCD:dbgrpt.obj
 0001:00009230       __CrtDbgReport             0040a230 f   LIBCD:dbgrpt.obj
 0001:000098d0       _malloc                    0040a8d0 f   LIBCD:dbgheap.obj
 0001:00009900       __malloc_dbg               0040a900 f   LIBCD:dbgheap.obj
 0001:00009930       __nh_malloc                0040a930 f   LIBCD:dbgheap.obj
 0001:00009950       __nh_malloc_dbg            0040a950 f   LIBCD:dbgheap.obj
 0001:000099a0       __heap_alloc               0040a9a0 f   LIBCD:dbgheap.obj
 0001:000099c0       __heap_alloc_dbg           0040a9c0 f   LIBCD:dbgheap.obj
 0001:00009ce0       _calloc                    0040ace0 f   LIBCD:dbgheap.obj
 0001:00009d10       __calloc_dbg               0040ad10 f   LIBCD:dbgheap.obj
 0001:00009d70       _realloc                   0040ad70 f   LIBCD:dbgheap.obj
 0001:00009da0       __realloc_dbg              0040ada0 f   LIBCD:dbgheap.obj
 0001:0000a2f0       __expand                   0040b2f0 f   LIBCD:dbgheap.obj
 0001:0000a320       __expand_dbg               0040b320 f   LIBCD:dbgheap.obj
 0001:0000a350       _free                      0040b350 f   LIBCD:dbgheap.obj
 0001:0000a370       __free_dbg                 0040b370 f   LIBCD:dbgheap.obj
 0001:0000a760       __msize                    0040b760 f   LIBCD:dbgheap.obj
 0001:0000a780       __msize_dbg                0040b780 f   LIBCD:dbgheap.obj
 0001:0000a8d0       __CrtSetBreakAlloc         0040b8d0 f   LIBCD:dbgheap.obj
 0001:0000a8f0       __CrtSetDbgBlockType       0040b8f0 f   LIBCD:dbgheap.obj
 0001:0000a980       __CrtSetAllocHook          0040b980 f   LIBCD:dbgheap.obj
 0001:0000aa30       __CrtCheckMemory           0040ba30 f   LIBCD:dbgheap.obj
 0001:0000ad90       __CrtSetDbgFlag            0040bd90 f   LIBCD:dbgheap.obj
 0001:0000adc0       __CrtDoForAllClientObjects 0040bdc0 f   LIBCD:dbgheap.obj
 0001:0000ae20       __CrtIsValidPointer        0040be20 f   LIBCD:dbgheap.obj
 0001:0000ae70       __CrtIsValidHeapPointer    0040be70 f   LIBCD:dbgheap.obj
 0001:0000afa0       __CrtIsMemoryBlock         0040bfa0 f   LIBCD:dbgheap.obj
 0001:0000b080       __CrtSetDumpClient         0040c080 f   LIBCD:dbgheap.obj
 0001:0000b0a0       __CrtMemCheckpoint         0040c0a0 f   LIBCD:dbgheap.obj
 0001:0000b200       __CrtMemDifference         0040c200 f   LIBCD:dbgheap.obj
 0001:0000b330       __CrtMemDumpAllObjectsSince 0040c330 f   LIBCD:dbgheap.obj
 0001:0000b700       __CrtDumpMemoryLeaks       0040c700 f   LIBCD:dbgheap.obj
 0001:0000b780       __CrtMemDumpStatistics     0040c780 f   LIBCD:dbgheap.obj
 0001:0000b850       __close                    0040c850 f   LIBCD:close.obj
 0001:0000b940       __freebuf                  0040c940 f   LIBCD:_freebuf.obj
 0001:0000b9e0       _fflush                    0040c9e0 f   LIBCD:fflush.obj
 0001:0000ba40       __flush                    0040ca40 f   LIBCD:fflush.obj
 0001:0000bb00       __flushall                 0040cb00 f   LIBCD:fflush.obj
 0001:0000bbf0       __trandisp1                0040cbf0 f   LIBCD:87disp.obj
 0001:0000bc57       __trandisp2                0040cc57 f   LIBCD:87disp.obj
 0001:0000bce3       __rttospopde               0040cce3 f   LIBCD:87disp.obj
 0001:0000bce8       __rttospop                 0040cce8 f   LIBCD:87disp.obj
 0001:0000bcea       __rtnospop                 0040ccea f   LIBCD:87disp.obj
 0001:0000bcec       __rttosnpop                0040ccec f   LIBCD:87disp.obj
 0001:0000bced       __rtnospopde               0040cced f   LIBCD:87disp.obj
 0001:0000bcf4       __rtzeropop                0040ccf4 f   LIBCD:87disp.obj
 0001:0000bcf6       __rtzeronpop               0040ccf6 f   LIBCD:87disp.obj
 0001:0000bcfb       __rtonepop                 0040ccfb f   LIBCD:87disp.obj
 0001:0000bcfd       __rtonenpop                0040ccfd f   LIBCD:87disp.obj
 0001:0000bd02       __tosnan1                  0040cd02 f   LIBCD:87disp.obj
 0001:0000bd2d       __nosnan2                  0040cd2d f   LIBCD:87disp.obj
 0001:0000bd2f       __tosnan2                  0040cd2f f   LIBCD:87disp.obj
 0001:0000bd57       __nan2                     0040cd57 f   LIBCD:87disp.obj
 0001:0000bd96       __rtindfpop                0040cd96 f   LIBCD:87disp.obj
 0001:0000bd98       __rtindfnpop               0040cd98 f   LIBCD:87disp.obj
 0001:0000bda9       __rttosnpopde              0040cda9 f   LIBCD:87disp.obj
 0001:0000bdb3       __rtchsifneg               0040cdb3 f   LIBCD:87disp.obj
 0001:0000bdc0       __startTwoArgErrorHandling 0040cdc0 f   LIBCD:genexcep.obj
 0001:0000bdd7       __startOneArgErrorHandling 0040cdd7 f   LIBCD:genexcep.obj
 0001:0000be20       __twoToTOS                 0040ce20 f   LIBCD:common.obj
 0001:0000be35       __load_CW                  0040ce35 f   LIBCD:common.obj
 0001:0000be4c       __convertTOStoQNaN         0040ce4c f   LIBCD:common.obj
 0001:0000be65       __fload_withFB             0040ce65 f   LIBCD:common.obj
 0001:0000bea8       __checkTOS_withFB          0040cea8 f   LIBCD:common.obj
 0001:0000bebe       __fast_exit                0040cebe f   LIBCD:common.obj
 0001:0000becb       __math_exit                0040cecb f   LIBCD:common.obj
 0001:0000bef5       __check_overflow_exit      0040cef5 f   LIBCD:common.obj
 0001:0000bf09       __check_range_exit         0040cf09 f   LIBCD:common.obj
 0001:0000bfb0       __stbuf                    0040cfb0 f   LIBCD:_sftbuf.obj
 0001:0000c110       __ftbuf                    0040d110 f   LIBCD:_sftbuf.obj
 0001:0000c1d0       __output                   0040d1d0 f   LIBCD:output.obj
 0001:0000d100       __openfile                 0040e100 f   LIBCD:_open.obj
 0001:0000d490       __getstream                0040e490 f   LIBCD:stream.obj
 0001:0000d580       ___InternalCxxFrameHandler 0040e580 f   LIBCD:frame.obj
 0001:0000daf0       ___FrameUnwindToState      0040eaf0 f   LIBCD:frame.obj
 0001:0000e100       ?_DestructExceptionObject@@YAXPAUEHExceptionRecord@@E@Z 0040f100 f   LIBCD:frame.obj
 0001:0000e1e0       __CallSettingFrame@12      0040f1e0 f   LIBCD:lowhelpr.obj
 0001:0000e207       __NLG_Return               0040f207 f   LIBCD:lowhelpr.obj
 0001:0000e230       ?terminate@@YAXXZ          0040f230 f   LIBCD:hooks.obj
 0001:0000e2c0       ?unexpected@@YAXXZ         0040f2c0 f   LIBCD:hooks.obj
 0001:0000e2e0       ?_inconsistency@@YAXXZ     0040f2e0 f   LIBCD:hooks.obj
 0001:0000e370       __handle_qnan1             0040f370 f   LIBCD:fpexcept.obj
 0001:0000e3d0       __handle_qnan2             0040f3d0 f   LIBCD:fpexcept.obj
 0001:0000e440       __except1                  0040f440 f   LIBCD:fpexcept.obj
 0001:0000e500       __except2                  0040f500 f   LIBCD:fpexcept.obj
 0001:0000e5d0       __raise_exc                0040f5d0 f   LIBCD:fpexcept.obj
 0001:0000eaa0       __handle_exc               0040faa0 f   LIBCD:fpexcept.obj
 0001:0000ee20       __umatherr                 0040fe20 f   LIBCD:fpexcept.obj
 0001:0000eec0       __set_errno                0040fec0 f   LIBCD:fpexcept.obj
 0001:0000ef40       __errcode                  0040ff40 f   LIBCD:fpexcept.obj
 0001:0000efc0       __set_exp                  0040ffc0 f   LIBCD:util.obj
 0001:0000f000       __get_exp                  00410000 f   LIBCD:util.obj
 0001:0000f030       __add_exp                  00410030 f   LIBCD:util.obj
 0001:0000f070       __set_bexp                 00410070 f   LIBCD:util.obj
 0001:0000f0b0       __sptype                   004100b0 f   LIBCD:util.obj
 0001:0000f130       __decomp                   00410130 f   LIBCD:util.obj
 0001:0000f270       __statfp                   00410270 f   LIBCD:fpctrl.obj
 0001:0000f290       __clrfp                    00410290 f   LIBCD:fpctrl.obj
 0001:0000f2b0       __ctrlfp                   004102b0 f   LIBCD:fpctrl.obj
 0001:0000f2f0       __set_statfp               004102f0 f   LIBCD:fpctrl.obj
 0001:0000f381       __fFEXP                    00410381 f   LIBCD:87tran.obj
 0001:0000f3e8       __rtinfpopse               004103e8 f   LIBCD:87tran.obj
 0001:0000f3ea       __rtinfnpopse              004103ea f   LIBCD:87tran.obj
 0001:0000f3fa       __fFLN                     004103fa f   LIBCD:87tran.obj
 0001:0000f4af       __rtinfpop                 004104af f   LIBCD:87tran.obj
 0001:0000f4b1       __rtinfnpop                004104b1 f   LIBCD:87tran.obj
 0001:0000f4ce       __ffexpm1                  004104ce f   LIBCD:87tran.obj
 0001:0000f580       __powhlp                   00410580 f   LIBCD:powhlp.obj
 0001:0000f7f0       __d_inttype                004107f0 f   LIBCD:powhlp.obj
 0001:0000f870       __lseek                    00410870 f   LIBCD:lseek.obj
 0001:0000f960       _ftell                     00410960 f   LIBCD:ftell.obj
 0001:0000fbf0       __cinit                    00410bf0 f   LIBCD:crt0dat.obj
 0001:0000fc30       _exit                      00410c30 f   LIBCD:crt0dat.obj
 0001:0000fc50       __exit                     00410c50 f   LIBCD:crt0dat.obj
 0001:0000fc70       __cexit                    00410c70 f   LIBCD:crt0dat.obj
 0001:0000fc90       __c_exit                   00410c90 f   LIBCD:crt0dat.obj
 0001:0000fdc0       __input                    00410dc0 f   LIBCD:input.obj
 0001:000112c0       ___initstdio               004122c0 f   LIBCD:_file.obj
 0001:000113f0       ___endstdio                004123f0 f   LIBCD:_file.obj
 0001:00011410       __cintrindisp2             00412410 f   LIBCD:87cdisp.obj
 0001:0001144e       __cintrindisp1             0041244e f   LIBCD:87cdisp.obj
 0001:00011484       __ctrandisp2               00412484 f   LIBCD:87cdisp.obj
 0001:000115f5       __ctrandisp1               004125f5 f   LIBCD:87cdisp.obj
 0001:00011621       __fload                    00412621 f   LIBCD:87cdisp.obj
 0001:00011660       _fdiv_main_routine         00412660 f   LIBCD:adj_fdiv.obj
 0001:00011777       __adj_fdiv_r               00412777 f   LIBCD:adj_fdiv.obj
 0001:00011c16       __fdivp_sti_st             00412c16 f   LIBCD:adj_fdiv.obj
 0001:00011c29       __fdivrp_sti_st            00412c29 f   LIBCD:adj_fdiv.obj
 0001:00011c3c       __adj_fdiv_m32             00412c3c f   LIBCD:adj_fdiv.obj
 0001:00011c88       __adj_fdiv_m64             00412c88 f   LIBCD:adj_fdiv.obj
 0001:00011cd4       __adj_fdiv_m16i            00412cd4 f   LIBCD:adj_fdiv.obj
 0001:00011d08       __adj_fdiv_m32i            00412d08 f   LIBCD:adj_fdiv.obj
 0001:00011d3c       __adj_fdivr_m32            00412d3c f   LIBCD:adj_fdiv.obj
 0001:00011d88       __adj_fdivr_m64            00412d88 f   LIBCD:adj_fdiv.obj
 0001:00011dd4       __adj_fdivr_m16i           00412dd4 f   LIBCD:adj_fdiv.obj
 0001:00011e08       __adj_fdivr_m32i           00412e08 f   LIBCD:adj_fdiv.obj
 0001:00011e3c       __safe_fdiv                00412e3c f   LIBCD:adj_fdiv.obj
 0001:00011e51       __safe_fdivr               00412e51 f   LIBCD:adj_fdiv.obj
 0001:00011e66       __fprem_common             00412e66 f   LIBCD:adj_fdiv.obj
 0001:0001206c       __adj_fprem                0041306c f   LIBCD:adj_fdiv.obj
 0001:0001211e       __fprem1_common            0041311e f   LIBCD:adj_fdiv.obj
 0001:00012324       __adj_fprem1               00413324 f   LIBCD:adj_fdiv.obj
 0001:000123d9       __safe_fprem               004133d9 f   LIBCD:adj_fdiv.obj
 0001:000123df       __safe_fprem1              004133df f   LIBCD:adj_fdiv.obj
 0001:000123e5       __adj_fpatan               004133e5 f   LIBCD:adj_fdiv.obj
 0001:000123e8       __adj_fptan                004133e8 f   LIBCD:adj_fdiv.obj
 0001:0001240c       __fFATN2                   0041340c f   LIBCD:87triga.obj
 0001:0001245c       __rtpiby2                  0041345c f   LIBCD:87triga.obj
 0001:000124a0       __XcptFilter               004134a0 f   LIBCD:winxfltr.obj
 0001:000126b0       __setenvp                  004136b0 f   LIBCD:stdenvp.obj
 0001:00012800       __setargv                  00413800 f   LIBCD:stdargv.obj
 0001:00012d10       ___crtGetEnvironmentStringsA 00413d10 f   LIBCD:a_env.obj
 0001:00012f30       __ioinit                   00413f30 f   LIBCD:ioinit.obj
 0001:00013240       __ioterm                   00414240 f   LIBCD:ioinit.obj
 0001:000132a0       __GetLinkerVersion         004142a0 f   LIBCD:heapinit.obj
 0001:00013300       ___heap_select             00414300 f   LIBCD:heapinit.obj
 0001:00013530       __heap_init                00414530 f   LIBCD:heapinit.obj
 0001:000135c0       __heap_term                004145c0 f   LIBCD:heapinit.obj
 0001:000136b0       __except_handler3          004146b0 f   LIBCD:exsup3.obj
 0001:0001376d       __seh_longjmp_unwind@4     0041476d f   LIBCD:exsup3.obj
 0001:00013790       __FF_MSGBANNER             00414790 f   LIBCD:crt0msg.obj
 0001:000137e0       __NMSG_WRITE               004147e0 f   LIBCD:crt0msg.obj
 0001:000139a0       __GET_RTERRMSG             004149a0 f   LIBCD:crt0msg.obj
 0001:000139f0       __statusfp                 004149f0 f   LIBCD:ieee87.obj
 0001:00013a10       __clearfp                  00414a10 f   LIBCD:ieee87.obj
 0001:00013a30       __control87                00414a30 f   LIBCD:ieee87.obj
 0001:00013a80       __controlfp                00414a80 f   LIBCD:ieee87.obj
 0001:00013aa0       __fpreset                  00414aa0 f   LIBCD:ieee87.obj
 0001:00013e90       __isctype                  00414e90 f   LIBCD:isctype.obj
 0001:00013f50       __tolower                  00414f50 f   LIBCD:tolower.obj
 0001:00013f60       _tolower                   00414f60 f   LIBCD:tolower.obj
 0001:00014090       __ZeroTail                 00415090 f   LIBCD:intrncvt.obj
 0001:00014120       __IncMan                   00415120 f   LIBCD:intrncvt.obj
 0001:000141d0       __RoundMan                 004151d0 f   LIBCD:intrncvt.obj
 0001:000142b0       __CopyMan                  004152b0 f   LIBCD:intrncvt.obj
 0001:00014300       __FillZeroMan              00415300 f   LIBCD:intrncvt.obj
 0001:00014330       __IsZeroMan                00415330 f   LIBCD:intrncvt.obj
 0001:00014370       __ShrMan                   00415370 f   LIBCD:intrncvt.obj
 0001:00014460       __ld12cvt                  00415460 f   LIBCD:intrncvt.obj
 0001:000146b0       __ld12tod                  004156b0 f   LIBCD:intrncvt.obj
 0001:000146d0       __ld12tof                  004156d0 f   LIBCD:intrncvt.obj
 0001:000146f0       __ld12told                 004156f0 f   LIBCD:intrncvt.obj
 0001:000147b0       __atodbl                   004157b0 f   LIBCD:intrncvt.obj
 0001:000147f0       __atoldbl                  004157f0 f   LIBCD:intrncvt.obj
 0001:00014830       __atoflt                   00415830 f   LIBCD:intrncvt.obj
 0001:00014870       _strcpy                    00415870 f   LIBCD:strcat.obj
 0001:00014880       _strcat                    00415880 f   LIBCD:strcat.obj
 0001:00014960       __fptostr                  00415960 f   LIBCD:_fptostr.obj
 0001:00014a60       __fltout                   00415a60 f   LIBCD:cfout.obj
 0001:00014ae0       ___dtold                   00415ae0 f   LIBCD:cfout.obj
 0001:00014c50       _memset                    00415c50 f   LIBCD:memset.obj
 0001:00014cb0       _memmove                   00415cb0 f   LIBCD:memmove.obj
 0001:00014ff0       _strlen                    00415ff0 f   LIBCD:strlen.obj
 0001:00015070       __fptrap                   00416070 f   LIBCD:crt0fp.obj
 0001:00015080       __itoa                     00416080 f   LIBCD:xtoa.obj
 0001:000151a0       __ltoa                     004161a0 f   LIBCD:xtoa.obj
 0001:000151e0       __ultoa                    004161e0 f   LIBCD:xtoa.obj
 0001:00015200       __i64toa                   00416200 f   LIBCD:xtoa.obj
 0001:00015350       __ui64toa                  00416350 f   LIBCD:xtoa.obj
 0001:00015370       __snprintf                 00416370 f   LIBCD:snprintf.obj
 0001:00015470       __vsnprintf                00416470 f   LIBCD:vsnprint.obj
 0001:00015570       _signal                    00416570 f   LIBCD:winsig.obj
 0001:00015780       _raise                     00416780 f   LIBCD:winsig.obj
 0001:000159a0       ___crtMessageBoxA          004169a0 f   LIBCD:crtmbox.obj
 0001:00015a60       _strncpy                   00416a60 f   LIBCD:strncpy.obj
 0001:00015b60       ?_set_new_handler@@YAP6AHI@ZP6AHI@Z@Z 00416b60 f   LIBCD:handler.obj
 0001:00015b80       ?_query_new_handler@@YAP6AHI@ZXZ 00416b80 f   LIBCD:handler.obj
 0001:00015b90       __callnewh                 00416b90 f   LIBCD:handler.obj
 0001:00015bc0       __malloc_base              00416bc0 f   LIBCD:malloc.obj
 0001:00015be0       __nh_malloc_base           00416be0 f   LIBCD:malloc.obj
 0001:00015c40       __heap_alloc_base          00416c40 f   LIBCD:malloc.obj
 0001:00015d10       __CrtDefaultAllocHook      00416d10 f   LIBCD:dbghook.obj
 0001:00015d20       __expand_base              00416d20 f   LIBCD:expand.obj
 0001:00015ea0       __realloc_base             00416ea0 f   LIBCD:realloc.obj
 0001:000162c0       __free_base                004172c0 f   LIBCD:free.obj
 0001:00016390       __heapchk                  00417390 f   LIBCD:heapchk.obj
 0001:00016420       __heapset                  00417420 f   LIBCD:heapchk.obj
 0001:00016430       __get_sbh_threshold        00417430 f   LIBCD:sbheap.obj
 0001:00016460       __set_sbh_threshold        00417460 f   LIBCD:sbheap.obj
 0001:00016570       ___sbh_heap_init           00417570 f   LIBCD:sbheap.obj
 0001:000165e0       ___sbh_find_block          004175e0 f   LIBCD:sbheap.obj
 0001:00016640       ___sbh_verify_block        00417640 f   LIBCD:sbheap.obj
 0001:000166a0       ___sbh_free_block          004176a0 f   LIBCD:sbheap.obj
 0001:00016c80       ___sbh_alloc_block         00417c80 f   LIBCD:sbheap.obj
 0001:000171c0       ___sbh_alloc_new_region    004181c0 f   LIBCD:sbheap.obj
 0001:000172d0       ___sbh_alloc_new_group     004182d0 f   LIBCD:sbheap.obj
 0001:000174c0       ___sbh_resize_block        004184c0 f   LIBCD:sbheap.obj
 0001:00017ab0       ___sbh_heapmin             00418ab0 f   LIBCD:sbheap.obj
 0001:00017be0       ___sbh_heap_check          00418be0 f   LIBCD:sbheap.obj
 0001:00018200       __get_old_sbh_threshold    00419200 f   LIBCD:sbheap.obj
 0001:00018210       __set_old_sbh_threshold    00419210 f   LIBCD:sbheap.obj
 0001:00018240       ___old_sbh_new_region      00419240 f   LIBCD:sbheap.obj
 0001:00018420       ___old_sbh_release_region  00419420 f   LIBCD:sbheap.obj
 0001:000184a0       ___old_sbh_decommit_pages  004194a0 f   LIBCD:sbheap.obj
 0001:00018600       ___old_sbh_find_block      00419600 f   LIBCD:sbheap.obj
 0001:00018690       ___old_sbh_free_block      00419690 f   LIBCD:sbheap.obj
 0001:00018700       ___old_sbh_alloc_block     00419700 f   LIBCD:sbheap.obj
 0001:00018ac0       ___old_sbh_alloc_block_from_page 00419ac0 f   LIBCD:sbheap.obj
 0001:00018d70       ___old_sbh_resize_block    00419d70 f   LIBCD:sbheap.obj
 0001:00018ee0       ___old_sbh_heap_check      00419ee0 f   LIBCD:sbheap.obj
 0001:00019120       _sprintf                   0041a120 f   LIBCD:sprintf.obj
 0001:00019220       __dosmaperr                0041a220 f   LIBCD:dosmap.obj
 0001:000192b0       __alloc_osfhnd             0041a2b0 f   LIBCD:osfinfo.obj
 0001:000193e0       __set_osfhnd               0041a3e0 f   LIBCD:osfinfo.obj
 0001:00019490       __free_osfhnd              0041a490 f   LIBCD:osfinfo.obj
 0001:00019560       __get_osfhandle            0041a560 f   LIBCD:osfinfo.obj
 0001:000195c0       __open_osfhandle           0041a5c0 f   LIBCD:osfinfo.obj
 0001:000196b0       __commit                   0041a6b0 f   LIBCD:commit.obj
 0001:00019760       __write                    0041a760 f   LIBCD:write.obj
 0001:00019a10       __87except                 0041aa10 f   LIBCD:87except.obj
 0001:00019b90       __isatty                   0041ab90 f   LIBCD:isatty.obj
 0001:00019bc0       _wctomb                    0041abc0 f   LIBCD:wctomb.obj
 0001:00019c60       __aulldiv                  0041ac60 f   LIBCD:ulldiv.obj
 0001:00019cd0       __aullrem                  0041acd0 f   LIBCD:ullrem.obj
 0001:00019d50       __flsbuf                   0041ad50 f   LIBCD:_flsbuf.obj
 0001:00019fd0       __open                     0041afd0 f   LIBCD:open.obj
 0001:0001a010       __sopen                    0041b010 f   LIBCD:open.obj
 0001:0001a500       ?__CxxUnhandledExceptionFilter@@YGJPAU_EXCEPTION_POINTERS@@@Z 0041b500 f   LIBCD:unhandld.obj
 0001:0001a560       ?__CxxSetUnhandledExceptionFilter@@YAXXZ 0041b560 f   LIBCD:unhandld.obj
 0001:0001a580       ?__CxxRestoreUnhandledExceptionFilter@@YAXXZ 0041b580 f   LIBCD:unhandld.obj
 0001:0001a5a0       ?_ValidateRead@@YAHPBXI@Z  0041b5a0 f   LIBCD:validate.obj
 0001:0001a5d0       ?_ValidateWrite@@YAHPAXI@Z 0041b5d0 f   LIBCD:validate.obj
 0001:0001a600       ?_ValidateExecute@@YAHP6GHXZ@Z 0041b600 f   LIBCD:validate.obj
 0001:0001a630       _strcmp                    0041b630 f   LIBCD:strcmp.obj
 0001:0001a6c0       _abort                     0041b6c0 f   LIBCD:abort.obj
 0001:0001a6e0       __matherr                  0041b6e0 f   LIBCD:matherr.obj
 0001:0001a6f0       __frnd                     0041b6f0 f   LIBCD:frnd.obj
 0001:0001a710       __copysign                 0041b710 f   LIBCD:ieeemisc.obj
 0001:0001a740       __chgsign                  0041b740 f   LIBCD:ieeemisc.obj
 0001:0001a770       __scalb                    0041b770 f   LIBCD:ieeemisc.obj
 0001:0001a790       __logb                     0041b790 f   LIBCD:ieeemisc.obj
 0001:0001a8c0       __nextafter                0041b8c0 f   LIBCD:ieeemisc.obj
 0001:0001ac00       __finite                   0041bc00 f   LIBCD:ieeemisc.obj
 0001:0001ac30       __isnan                    0041bc30 f   LIBCD:ieeemisc.obj
 0001:0001ac80       __fpclass                  0041bc80 f   LIBCD:ieeemisc.obj
 0001:0001ad60       _mbtowc                    0041bd60 f   LIBCD:mbtowc.obj
 0001:0001aec0       _isalpha                   0041bec0 f   LIBCD:_ctype.obj
 0001:0001af10       _isupper                   0041bf10 f   LIBCD:_ctype.obj
 0001:0001af50       _islower                   0041bf50 f   LIBCD:_ctype.obj
 0001:0001af90       _isdigit                   0041bf90 f   LIBCD:_ctype.obj
 0001:0001afd0       _isxdigit                  0041bfd0 f   LIBCD:_ctype.obj
 0001:0001b020       _isspace                   0041c020 f   LIBCD:_ctype.obj
 0001:0001b060       _ispunct                   0041c060 f   LIBCD:_ctype.obj
 0001:0001b0a0       _isalnum                   0041c0a0 f   LIBCD:_ctype.obj
 0001:0001b0f0       _isprint                   0041c0f0 f   LIBCD:_ctype.obj
 0001:0001b140       _isgraph                   0041c140 f   LIBCD:_ctype.obj
 0001:0001b190       _iscntrl                   0041c190 f   LIBCD:_ctype.obj
 0001:0001b1d0       ___isascii                 0041c1d0 f   LIBCD:_ctype.obj
 0001:0001b1e0       ___toascii                 0041c1e0 f   LIBCD:_ctype.obj
 0001:0001b1f0       ___iscsymf                 0041c1f0 f   LIBCD:_ctype.obj
 0001:0001b250       ___iscsym                  0041c250 f   LIBCD:_ctype.obj
 0001:0001b2b0       __allshl                   0041c2b0 f   LIBCD:llshl.obj
 0001:0001b2d0       __filbuf                   0041c2d0 f   LIBCD:_filbuf.obj
 0001:0001b4b0       _ungetc                    0041c4b0 f   LIBCD:ungetc.obj
 0001:0001b5f0       __fcloseall                0041c5f0 f   LIBCD:closeall.obj
 0001:0001b6a0       __setmbcp                  0041c6a0 f   LIBCD:mbctype.obj
 0001:0001be10       __getmbcp                  0041ce10 f   LIBCD:mbctype.obj
 0001:0001be30       ___initmbctable            0041ce30 f   LIBCD:mbctype.obj
 0001:0001be60       _memcpy                    0041ce60 f   LIBCD:memcpy.obj
 0001:0001c1a0       _strtol                    0041d1a0 f   LIBCD:strtol.obj
 0001:0001c4f0       _strtoul                   0041d4f0 f   LIBCD:strtol.obj
 0001:0001c520       _strchr                    0041d520 f   LIBCD:strchr.obj
 0001:0001c526       ___from_strstr_to_strchr   0041d526 f   LIBCD:strchr.obj
 0001:0001c5e0       _strstr                    0041d5e0 f   LIBCD:strstr.obj
 0001:0001c660       _strncmp                   0041d660 f   LIBCD:strncmp.obj
 0001:0001c6a0       ___crtGetStringTypeA       0041d6a0 f   LIBCD:a_str.obj
 0001:0001c860       ___crtLCMapStringA         0041d860 f   LIBCD:a_map.obj
 0001:0001cbc0       ___addl                    0041dbc0 f   LIBCD:mantold.obj
 0001:0001cc00       ___add_12                  0041dc00 f   LIBCD:mantold.obj
 0001:0001ccb0       ___shl_12                  0041dcb0 f   LIBCD:mantold.obj
 0001:0001cd10       ___shr_12                  0041dd10 f   LIBCD:mantold.obj
 0001:0001cd80       ___mtold12                 0041dd80 f   LIBCD:mantold.obj
 0001:0001cec0       ___strgtold12              0041dec0 f   LIBCD:strgtold.obj
 0001:0001d9f0       ___STRINGTOLD              0041e9f0 f   LIBCD:strgtold.obj
 0001:0001da40       _$I10_OUTPUT               0041ea40 f   LIBCD:x10fout.obj
 0001:0001df60       __getbuf                   0041ef60 f   LIBCD:_getbuf.obj
 0001:0001e030       __chsize                   0041f030 f   LIBCD:chsize.obj
 0001:0001e2a0       __read                     0041f2a0 f   LIBCD:read.obj
 0001:0001e700       _ldexp                     0041f700 f   LIBCD:ldexp.obj
 0001:0001e9c0       __toupper                  0041f9c0 f   LIBCD:toupper.obj
 0001:0001e9d0       _toupper                   0041f9d0 f   LIBCD:toupper.obj
 0001:0001eb00       ___ld12mul                 0041fb00 f   LIBCD:tenpow.obj
 0001:0001ef40       ___multtenpow12            0041ff40 f   LIBCD:tenpow.obj
 0001:0001f010       __setmode                  00420010 f   LIBCD:setmode.obj
 0001:0001f10c       _RtlUnwind@16              0042010c f   kernel32:KERNEL32.dll
 0001:0001f112       _GetCommandLineA@0         00420112 f   kernel32:KERNEL32.dll
 0001:0001f118       _GetVersion@0              00420118 f   kernel32:KERNEL32.dll
 0001:0001f11e       _ExitProcess@4             0042011e f   kernel32:KERNEL32.dll
 0001:0001f124       _GetProcAddress@8          00420124 f   kernel32:KERNEL32.dll
 0001:0001f12a       _GetModuleHandleA@4        0042012a f   kernel32:KERNEL32.dll
 0001:0001f130       _DebugBreak@0              00420130 f   kernel32:KERNEL32.dll
 0001:0001f136       _GetStdHandle@4            00420136 f   kernel32:KERNEL32.dll
 0001:0001f13c       _WriteFile@20              0042013c f   kernel32:KERNEL32.dll
 0001:0001f142       _InterlockedDecrement@4    00420142 f   kernel32:KERNEL32.dll
 0001:0001f148       _OutputDebugStringA@4      00420148 f   kernel32:KERNEL32.dll
 0001:0001f14e       _LoadLibraryA@4            0042014e f   kernel32:KERNEL32.dll
 0001:0001f154       _InterlockedIncrement@4    00420154 f   kernel32:KERNEL32.dll
 0001:0001f15a       _GetModuleFileNameA@12     0042015a f   kernel32:KERNEL32.dll
 0001:0001f160       _IsBadWritePtr@8           00420160 f   kernel32:KERNEL32.dll
 0001:0001f166       _IsBadReadPtr@8            00420166 f   kernel32:KERNEL32.dll
 0001:0001f16c       _HeapValidate@12           0042016c f   kernel32:KERNEL32.dll
 0001:0001f172       _GetLastError@0            00420172 f   kernel32:KERNEL32.dll
 0001:0001f178       _CloseHandle@4             00420178 f   kernel32:KERNEL32.dll
 0001:0001f17e       _RaiseException@16         0042017e f   kernel32:KERNEL32.dll
 0001:0001f184       _SetFilePointer@16         00420184 f   kernel32:KERNEL32.dll
 0001:0001f18a       _TerminateProcess@8        0042018a f   kernel32:KERNEL32.dll
 0001:0001f190       _GetCurrentProcess@0       00420190 f   kernel32:KERNEL32.dll
 0001:0001f196       _UnhandledExceptionFilter@4 00420196 f   kernel32:KERNEL32.dll
 0001:0001f19c       _FreeEnvironmentStringsA@4 0042019c f   kernel32:KERNEL32.dll
 0001:0001f1a2       _FreeEnvironmentStringsW@4 004201a2 f   kernel32:KERNEL32.dll
 0001:0001f1a8       _WideCharToMultiByte@32    004201a8 f   kernel32:KERNEL32.dll
 0001:0001f1ae       _GetEnvironmentStrings@0   004201ae f   kernel32:KERNEL32.dll
 0001:0001f1b4       _GetEnvironmentStringsW@0  004201b4 f   kernel32:KERNEL32.dll
 0001:0001f1ba       _SetHandleCount@4          004201ba f   kernel32:KERNEL32.dll
 0001:0001f1c0       _GetFileType@4             004201c0 f   kernel32:KERNEL32.dll
 0001:0001f1c6       _GetStartupInfoA@4         004201c6 f   kernel32:KERNEL32.dll
 0001:0001f1cc       _GetEnvironmentVariableA@12 004201cc f   kernel32:KERNEL32.dll
 0001:0001f1d2       _GetVersionExA@4           004201d2 f   kernel32:KERNEL32.dll
 0001:0001f1d8       _HeapDestroy@4             004201d8 f   kernel32:KERNEL32.dll
 0001:0001f1de       _HeapCreate@12             004201de f   kernel32:KERNEL32.dll
 0001:0001f1e4       _HeapFree@12               004201e4 f   kernel32:KERNEL32.dll
 0001:0001f1ea       _VirtualFree@12            004201ea f   kernel32:KERNEL32.dll
 0001:0001f1f0       _SetConsoleCtrlHandler@8   004201f0 f   kernel32:KERNEL32.dll
 0001:0001f1f6       _HeapAlloc@12              004201f6 f   kernel32:KERNEL32.dll
 0001:0001f1fc       _HeapReAlloc@16            004201fc f   kernel32:KERNEL32.dll
 0001:0001f202       _VirtualAlloc@16           00420202 f   kernel32:KERNEL32.dll
 0001:0001f208       _SetStdHandle@8            00420208 f   kernel32:KERNEL32.dll
 0001:0001f20e       _FlushFileBuffers@4        0042020e f   kernel32:KERNEL32.dll
 0001:0001f214       _CreateFileA@28            00420214 f   kernel32:KERNEL32.dll
 0001:0001f21a       _SetUnhandledExceptionFilter@4 0042021a f   kernel32:KERNEL32.dll
 0001:0001f220       _IsBadCodePtr@4            00420220 f   kernel32:KERNEL32.dll
 0001:0001f226       _MultiByteToWideChar@24    00420226 f   kernel32:KERNEL32.dll
 0001:0001f22c       _GetCPInfo@8               0042022c f   kernel32:KERNEL32.dll
 0001:0001f232       _GetACP@0                  00420232 f   kernel32:KERNEL32.dll
 0001:0001f238       _GetOEMCP@0                00420238 f   kernel32:KERNEL32.dll
 0001:0001f23e       _GetStringTypeA@20         0042023e f   kernel32:KERNEL32.dll
 0001:0001f244       _GetStringTypeW@16         00420244 f   kernel32:KERNEL32.dll
 0001:0001f24a       _LCMapStringA@24           0042024a f   kernel32:KERNEL32.dll
 0001:0001f250       _LCMapStringW@24           00420250 f   kernel32:KERNEL32.dll
 0001:0001f256       _SetEndOfFile@4            00420256 f   kernel32:KERNEL32.dll
 0001:0001f25c       _ReadFile@20               0042025c f   kernel32:KERNEL32.dll
 0002:0000001c       ??_C@_0DH@MHJH@?$CF?44lf?5?$CF?44lf?5?$CF?44lf?5?$CFlf?5?$CFlf?5?$CFlf?5?$CF?4@ 0042101c     Main.obj
 0002:00000054       ??_C@_07JLLE@?$CF?48lf?5?6?$AA@ 00421054     Main.obj
 0002:0000005c       ??_C@_06CCPA@?$CF?48lf?5?$AA@ 0042105c     Main.obj
 0002:00000068       __real@8@4007fa00000000000000 00421068     Main.obj
 0002:00000070       __real@8@4003f000000000000000 00421070     Main.obj
 0002:00000078       __real@8@4009fa00000000000000 00421078     Main.obj
 0002:00000080       __real@8@3ff583126e978d4fe000 00421080     Main.obj
 0002:00000088       __real@8@4002a000000000000000 00421088     Main.obj
 0002:00000090       __real@8@3ff8a3d70a3d70a3d800 00421090     Main.obj
 0002:00000098       __real@8@3fff8000000000000000 00421098     Main.obj
 0002:000000a0       __real@8@4005c800000000000000 004210a0     Main.obj
 0002:000000a8       __real@8@3ffbccccccccccccd000 004210a8     Main.obj
 0002:000000b0       __real@8@4004a000000000000000 004210b0     Main.obj
 0002:000000b8       ??_C@_0CC@CFJH@H?3?2psins150826?2data?2lasergyro?4im@ 004210b8     Main.obj
 0002:000000dc       ??_C@_0CC@MDMP@H?3?2psins150826?2data?2vc60reskf?4tx@ 004210dc     Main.obj
 0002:00000100       ??_C@_0CA@KPBJ@H?3?2psins150826?2data?2vc60res?4txt?$AA@ 00421100     Main.obj
 0002:00000120       ??_C@_02IAAH@wt?$AA@       00421120     Main.obj
 0002:00000128       __real@8@4004f000000000000000 00421128     PSINS.obj
 0002:00000130       __real@8@3feb8637bd05af6c6800 00421130     PSINS.obj
 0002:00000138       __real@8@40008000000000000000 00421138     PSINS.obj
 0002:00000140       __real@8@3ff68888888888888800 00421140     PSINS.obj
 0002:00000148       __real@8@3ffe8000000000000000 00421148     PSINS.obj
 0002:00000150       __real@8@3ff9aaaaaaaaaaaaa800 00421150     PSINS.obj
 0002:00000158       __real@8@3ff6aaaaaaaaaaaaa800 00421158     PSINS.obj
 0002:00000160       __real@8@3ffc8000000000000000 00421160     PSINS.obj
 0002:00000168       __real@8@3ff39fb50ed8a0fd7000 00421168     PSINS.obj
 0002:00000170       __real@8@00000000000000000000 00421170     PSINS.obj
 0002:00000178       __real@8@3fbcbce5086492111800 00421178     PSINS.obj
 0002:00000180       __real@8@c0018000000000000000 00421180     PSINS.obj
 0002:00000188       __real@8@3fd1c7ffffffffffb800 00421188     PSINS.obj
 0002:00000190       __real@8@4000860a91c16b9b0800 00421190     PSINS.obj
 0002:00000198       __real@8@c003d800000000000000 00421198     PSINS.obj
 0002:000001a0       __real@8@bfd1c7ffffffffffb800 004211a0     PSINS.obj
 0002:000001a8       __real@8@40018000000000000000 004211a8     PSINS.obj
 0002:000001b0       __real@8@4003d800000000000000 004211b0     PSINS.obj
 0002:000001b8       __real@8@40029000000000000000 004211b8     PSINS.obj
 0002:000001c0       __real@8@4000c000000000000000 004211c0     PSINS.obj
 0002:000001c8       __real@8@3feccf191388842eb800 004211c8     PSINS.obj
 0002:000001d0       __real@8@3fefc337cf5981ecf800 004211d0     PSINS.obj
 0002:000001d8       __real@8@3ff7acb7d975a7a1f000 004211d8     PSINS.obj
 0002:000001e0       __real@8@3ff1c337cf5981ecf800 004211e0     PSINS.obj
 0002:000001e8       __real@8@3ff8acb7d975a7a1f000 004211e8     PSINS.obj
 0002:000001f0       __real@8@4008fa00000000000000 004211f0     PSINS.obj
 0002:000001f8       ??_C@_0BI@MKPN@?$CFlf?5?$CFlf?5?$CFlf?5?$CFlf?5?$CFlf?5?$CFlf?$AA@ 004211f8     PSINS.obj
 0002:00000210       ??_C@_02JBML@?$CFc?$AA@    00421210     PSINS.obj
 0002:00000214       ??_C@_02MMAH@rt?$AA@       00421214     PSINS.obj
 0002:00000218       ??_C@_0BC@CMED@?$CFd?5?$CFd?5?$CFd?5?$CFd?5?$CFd?5?$CFd?$AA@ 00421218     PSINS.obj
 0002:0000022c       ??_C@_06MOFO@?$CF?44lf?6?$AA@ 0042122c     PSINS.obj
 0002:00000234       ??_C@_0O@FHMD@i386?2chkesp?4c?$AA@ 00421234     LIBCD:chkesp.obj
 0002:00000244       ??_C@_00A@?$AA@            00421244     LIBCD:chkesp.obj
 0002:00000248       ??_C@_0NM@ELEE@The?5value?5of?5ESP?5was?5not?5properl@ 00421248     LIBCD:chkesp.obj
 0002:00000324       ??_C@_08PHBD@fclose?4c?$AA@ 00421324     LIBCD:fclose.obj
 0002:00000330       ??_C@_0M@KJPK@str?5?$CB?$DN?5NULL?$AA@ 00421330     LIBCD:fclose.obj
 0002:0000033c       ??_C@_0P@LNLA@format?5?$CB?$DN?5NULL?$AA@ 0042133c     LIBCD:fprintf.obj
 0002:0000034c       ??_C@_09DLOM@fprintf?4c?$AA@ 0042134c     LIBCD:fprintf.obj
 0002:00000358       ??_C@_0BC@IPFL@?$CKmode?5?$CB?$DN?5_T?$CI?8?20?8?$CJ?$AA@ 00421358     LIBCD:fopen.obj
 0002:0000036c       ??_C@_0N@BKPP@mode?5?$CB?$DN?5NULL?$AA@ 0042136c     LIBCD:fopen.obj
 0002:0000037c       ??_C@_0BC@GOED@?$CKfile?5?$CB?$DN?5_T?$CI?8?20?8?$CJ?$AA@ 0042137c     LIBCD:fopen.obj
 0002:00000390       ??_C@_07OMGG@fopen?4c?$AA@ 00421390     LIBCD:fopen.obj
 0002:00000398       ??_C@_0N@MCKG@file?5?$CB?$DN?5NULL?$AA@ 00421398     LIBCD:fopen.obj
 0002:000003a8       ??_C@_07HFEM@fseek?4c?$AA@ 004213a8     LIBCD:fseek.obj
 0002:000003b0       ??_C@_08KDEN@fscanf?4c?$AA@ 004213b0     LIBCD:fscanf.obj
 0002:000003bc       ??_C@_0P@FHEA@stream?5?$CB?$DN?5NULL?$AA@ 004213bc     LIBCD:fscanf.obj
 0002:000003cc       ??_C@_08GNFC@printf?4c?$AA@ 004213cc     LIBCD:printf.obj
 0002:000003e4       ??_C@_0BK@JEGK@IsProcessorFeaturePresent?$AA@ 004213e4     LIBCD:testfdiv.obj
 0002:00000400       ??_C@_08OBID@KERNEL32?$AA@ 00421400     LIBCD:testfdiv.obj
 0002:0000040c       ??_C@_05OFLO@e?$CL000?$AA@ 0042140c     LIBCD:cvt.obj
 0002:00000414       ??_C@_0BB@BLL@Assertion?5Failed?$AA@ 00421414     LIBCD:dbgrpt.obj
 0002:00000428       ??_C@_05CKBG@Error?$AA@    00421428     LIBCD:dbgrpt.obj
 0002:00000430       ??_C@_07JCGI@Warning?$AA@  00421430     LIBCD:dbgrpt.obj
 0002:00000438       ??_C@_0M@ODEP@?$CFs?$CI?$CFd?$CJ?5?3?5?$CFs?$AA@ 00421438     LIBCD:dbgrpt.obj
 0002:00000444       ??_C@_01BJG@?6?$AA@        00421444     LIBCD:dbgrpt.obj
 0002:00000448       ??_C@_01FEHD@?$AN?$AA@     00421448     LIBCD:dbgrpt.obj
 0002:0000044c       ??_C@_0BC@OIMC@Assertion?5failed?$CB?$AA@ 0042144c     LIBCD:dbgrpt.obj
 0002:00000460       ??_C@_0BD@BEAK@Assertion?5failed?3?5?$AA@ 00421460     LIBCD:dbgrpt.obj
 0002:00000474       ??_C@_0CL@LCCP@_CrtDbgReport?3?5String?5too?5long?5o@ 00421474     LIBCD:dbgrpt.obj
 0002:000004a0       ??_C@_0DC@EMDK@Second?5Chance?5Assertion?5Failed?3?5@ 004214a0     LIBCD:dbgrpt.obj
 0002:000004d4       ??_C@_09NJAK@wsprintfA?$AA@ 004214d4     LIBCD:dbgrpt.obj
 0002:000004e0       ??_C@_0L@HKL@user32?4dll?$AA@ 004214e0     LIBCD:dbgrpt.obj
 0002:000004ec       ??_C@_0CD@GCMD@Microsoft?5Visual?5C?$CL?$CL?5Debug?5Libra@ 004214ec     LIBCD:dbgrpt.obj
 0002:00000510       ??_C@_0FD@EBDD@Debug?5?$CFs?$CB?6?6Program?3?5?$CFs?$CFs?$CFs?$CFs?$CFs?$CFs@ 00421510     LIBCD:dbgrpt.obj
 0002:00000564       ??_C@_09DCKN@?6Module?3?5?$AA@ 00421564     LIBCD:dbgrpt.obj
 0002:00000570       ??_C@_07HJII@?6File?3?5?$AA@ 00421570     LIBCD:dbgrpt.obj
 0002:00000578       ??_C@_07LFGN@?6Line?3?5?$AA@ 00421578     LIBCD:dbgrpt.obj
 0002:00000580       ??_C@_02JJJH@?6?6?$AA@     00421580     LIBCD:dbgrpt.obj
 0002:00000584       ??_C@_0N@NOAB@Expression?3?5?$AA@ 00421584     LIBCD:dbgrpt.obj
 0002:00000594       ??_C@_0HD@BHFH@?6?6For?5information?5on?5how?5your?5pr@ 00421594     LIBCD:dbgrpt.obj
 0002:00000608       ??_C@_03NAME@?4?4?4?$AA@   00421608     LIBCD:dbgrpt.obj
 0002:0000060c       ??_C@_0BH@NNCD@?$DMprogram?5name?5unknown?$DO?$AA@ 0042160c     LIBCD:dbgrpt.obj
 0002:00000624       ??_C@_08GFHP@dbgrpt?4c?$AA@ 00421624     LIBCD:dbgrpt.obj
 0002:00000630       ??_C@_0BG@FBEA@szUserMessage?5?$CB?$DN?5NULL?$AA@ 00421630     LIBCD:dbgrpt.obj
 0002:00000648       ??_C@_06DPMO@Client?$AA@   00421648     LIBCD:dbgheap.obj
 0002:00000650       ??_C@_06BAFM@Ignore?$AA@   00421650     LIBCD:dbgheap.obj
 0002:00000658       ??_C@_03DICE@CRT?$AA@      00421658     LIBCD:dbgheap.obj
 0002:0000065c       ??_C@_06BILL@Normal?$AA@   0042165c     LIBCD:dbgheap.obj
 0002:00000664       ??_C@_04NEN@Free?$AA@      00421664     LIBCD:dbgheap.obj
 0002:0000066c       ??_C@_0DC@CGID@Error?3?5memory?5allocation?3?5bad?5me@ 0042166c     LIBCD:dbgheap.obj
 0002:000006a0       ??_C@_0CE@FMIA@Invalid?5allocation?5size?3?5?$CFu?5byte@ 004216a0     LIBCD:dbgheap.obj
 0002:000006c4       ??_C@_02DILL@?$CFs?$AA@    004216c4     LIBCD:dbgheap.obj
 0002:000006c8       ??_C@_0CB@CPBI@Client?5hook?5allocation?5failure?4?6@ 004216c8     LIBCD:dbgheap.obj
 0002:000006ec       ??_C@_0DF@DKHF@Client?5hook?5allocation?5failure?5a@ 004216ec     LIBCD:dbgheap.obj
 0002:00000724       ??_C@_09IMJC@dbgheap?4c?$AA@ 00421724     LIBCD:dbgheap.obj
 0002:00000730       ??_C@_0BC@EPKL@_CrtCheckMemory?$CI?$CJ?$AA@ 00421730     LIBCD:dbgheap.obj
 0002:00000744       ??_C@_0BK@JDHA@_pFirstBlock?5?$DN?$DN?5pOldBlock?$AA@ 00421744     LIBCD:dbgheap.obj
 0002:00000760       ??_C@_0BJ@NMEF@_pLastBlock?5?$DN?$DN?5pOldBlock?$AA@ 00421760     LIBCD:dbgheap.obj
 0002:0000077c       ??_C@_0DC@BOCN@fRealloc?5?$HM?$HM?5?$CI?$CBfRealloc?5?$CG?$CG?5pNewBl@ 0042177c     LIBCD:dbgheap.obj
 0002:000007b0       ??_C@_0DK@DKOM@_BLOCK_TYPE?$CIpOldBlock?9?$DOnBlockUse@ 004217b0     LIBCD:dbgheap.obj
 0002:000007ec       ??_C@_0EF@EDKM@pOldBlock?9?$DOnLine?5?$DN?$DN?5IGNORE_LINE?5@ 004217ec     LIBCD:dbgheap.obj
 0002:00000834       ??_C@_0CC@GPMO@_CrtIsValidHeapPointer?$CIpUserData@ 00421834     LIBCD:dbgheap.obj
 0002:00000858       ??_C@_0CN@FHGE@Allocation?5too?5large?5or?5negative@ 00421858     LIBCD:dbgheap.obj
 0002:00000888       ??_C@_0CE@EAMN@Client?5hook?5re?9allocation?5failur@ 00421888     LIBCD:dbgheap.obj
 0002:000008ac       ??_C@_0DI@KKMM@Client?5hook?5re?9allocation?5failur@ 004218ac     LIBCD:dbgheap.obj
 0002:000008e4       ??_C@_0BG@JCEC@_pFirstBlock?5?$DN?$DN?5pHead?$AA@ 004218e4     LIBCD:dbgheap.obj
 0002:000008fc       ??_C@_0BF@NLNN@_pLastBlock?5?$DN?$DN?5pHead?$AA@ 004218fc     LIBCD:dbgheap.obj
 0002:00000914       ??_C@_0BO@PLHH@pHead?9?$DOnBlockUse?5?$DN?$DN?5nBlockUse?$AA@ 00421914     LIBCD:dbgheap.obj
 0002:00000934       ??_C@_0DN@KKIO@pHead?9?$DOnLine?5?$DN?$DN?5IGNORE_LINE?5?$CG?$CG?5p@ 00421934     LIBCD:dbgheap.obj
 0002:00000974       ??_C@_0CK@OJNB@DAMAGE?3?5after?5?$CFhs?5block?5?$CI?$CD?$CFd?$CJ?5at@ 00421974     LIBCD:dbgheap.obj
 0002:000009a0       ??_C@_0CL@IJIL@DAMAGE?3?5before?5?$CFhs?5block?5?$CI?$CD?$CFd?$CJ?5a@ 004219a0     LIBCD:dbgheap.obj
 0002:000009cc       ??_C@_0CH@PHOC@_BLOCK_TYPE_IS_VALID?$CIpHead?9?$DOnBlo@ 004219cc     LIBCD:dbgheap.obj
 0002:000009f4       ??_C@_0BL@MBNA@Client?5hook?5free?5failure?4?6?$AA@ 004219f4     LIBCD:dbgheap.obj
 0002:00000a10       ??_C@_0DK@EKKL@memory?5check?5error?5at?50x?$CF08X?5?$DN?50@ 00421a10     LIBCD:dbgheap.obj
 0002:00000a4c       ??_C@_0CJ@GCII@?$CFhs?5located?5at?50x?$CF08X?5is?5?$CFu?5byte@ 00421a4c     LIBCD:dbgheap.obj
 0002:00000a78       ??_C@_0CA@EJPI@?$CFhs?5allocated?5at?5file?5?$CFhs?$CI?$CFd?$CJ?4?6?$AA@ 00421a78     LIBCD:dbgheap.obj
 0002:00000a98       ??_C@_0CJ@LHHG@DAMAGE?3?5on?5top?5of?5Free?5block?5at?5@ 00421a98     LIBCD:dbgheap.obj
 0002:00000ac4       ??_C@_07GJHM@DAMAGED?$AA@  00421ac4     LIBCD:dbgheap.obj
 0002:00000acc       ??_C@_0CL@ODIE@_heapchk?5fails?5with?5unknown?5retu@ 00421acc     LIBCD:dbgheap.obj
 0002:00000af8       ??_C@_0CC@EHNC@_heapchk?5fails?5with?5_HEAPBADPTR?4@ 00421af8     LIBCD:dbgheap.obj
 0002:00000b1c       ??_C@_0CC@JNDP@_heapchk?5fails?5with?5_HEAPBADEND?4@ 00421b1c     LIBCD:dbgheap.obj
 0002:00000b40       ??_C@_0CD@DNMG@_heapchk?5fails?5with?5_HEAPBADNODE@ 00421b40     LIBCD:dbgheap.obj
 0002:00000b64       ??_C@_0CE@JMCB@_heapchk?5fails?5with?5_HEAPBADBEGI@ 00421b64     LIBCD:dbgheap.obj
 0002:00000b88       ??_C@_0CD@MEMI@Bad?5memory?5block?5found?5at?50x?$CF08X@ 00421b88     LIBCD:dbgheap.obj
 0002:00000bac       ??_C@_0CI@GMAO@_CrtMemCheckPoint?3?5NULL?5state?5po@ 00421bac     LIBCD:dbgheap.obj
 0002:00000bd4       ??_C@_0CI@MNAE@_CrtMemDifference?3?5NULL?5state?5po@ 00421bd4     LIBCD:dbgheap.obj
 0002:00000bfc       ??_C@_0BH@PKIJ@Object?5dump?5complete?4?6?$AA@ 00421bfc     LIBCD:dbgheap.obj
 0002:00000c14       ??_C@_0DB@DBPF@crt?5block?5at?50x?$CF08X?0?5subtype?5?$CFx?0@ 00421c14     LIBCD:dbgheap.obj
 0002:00000c48       ??_C@_0CI@JLM@normal?5block?5at?50x?$CF08X?0?5?$CFu?5bytes@ 00421c48     LIBCD:dbgheap.obj
 0002:00000c70       ??_C@_0DE@PFEA@client?5block?5at?50x?$CF08X?0?5subtype?5@ 00421c70     LIBCD:dbgheap.obj
 0002:00000ca4       ??_C@_06MBCE@?$HL?$CFld?$HN?5?$AA@ 00421ca4     LIBCD:dbgheap.obj
 0002:00000cac       ??_C@_0L@BLDJ@?$CFhs?$CI?$CFd?$CJ?5?3?5?$AA@ 00421cac     LIBCD:dbgheap.obj
 0002:00000cb8       ??_C@_0BE@FEMA@?$CDFile?5Error?$CD?$CI?$CFd?$CJ?5?3?5?$AA@ 00421cb8     LIBCD:dbgheap.obj
 0002:00000ccc       ??_C@_0BE@FPPM@Dumping?5objects?5?9?$DO?6?$AA@ 00421ccc     LIBCD:dbgheap.obj
 0002:00000ce0       ??_C@_0BA@POLM@?5Data?3?5?$DM?$CFs?$DO?5?$CFs?6?$AA@ 00421ce0     LIBCD:dbgheap.obj
 0002:00000cf0       ??_C@_05JLAO@?$CF?42X?5?$AA@ 00421cf0     LIBCD:dbgheap.obj
 0002:00000cf8       ??_C@_0BI@KONA@Detected?5memory?5leaks?$CB?6?$AA@ 00421cf8     LIBCD:dbgheap.obj
 0002:00000d10       ??_C@_0BP@LCCN@Total?5allocations?3?5?$CFld?5bytes?4?6?$AA@ 00421d10     LIBCD:dbgheap.obj
 0002:00000d30       ??_C@_0CB@COID@Largest?5number?5used?3?5?$CFld?5bytes?4?6@ 00421d30     LIBCD:dbgheap.obj
 0002:00000d54       ??_C@_0BO@MEJD@?$CFld?5bytes?5in?5?$CFld?5?$CFhs?5Blocks?4?6?$AA@ 00421d54     LIBCD:dbgheap.obj
 0002:00000d74       ??_C@_0L@JIE@_freebuf?4c?$AA@ 00421d74     LIBCD:_freebuf.obj
 0002:00000d88       __DEFAULT_CW_in_mem        00421d88     LIBCD:common.obj
 0002:00000d8a       __pi_by_2_to_61            00421d8a     LIBCD:common.obj
 0002:00000dc4       ??_C@_09JNND@_sftbuf?4c?$AA@ 00421dc4     LIBCD:_sftbuf.obj
 0002:00000dd0       ??_C@_0BH@EOPG@flag?5?$DN?$DN?50?5?$HM?$HM?5flag?5?$DN?$DN?51?$AA@ 00421dd0     LIBCD:_sftbuf.obj
 0002:00000de8       ___lookuptable             00421de8     LIBCD:output.obj
 0002:00000e44       ??_C@_1O@POHA@?$AA?$CI?$AAn?$AAu?$AAl?$AAl?$AA?$CJ?$AA?$AA@ 00421e44     LIBCD:output.obj
 0002:00000e54       ??_C@_06ONKE@?$CInull?$CJ?$AA@ 00421e54     LIBCD:output.obj
 0002:00000e5c       ??_C@_08MIHI@output?4c?$AA@ 00421e5c     LIBCD:output.obj
 0002:00000e68       ??_C@_0P@PIHB@ch?5?$CB?$DN?5_T?$CI?8?20?8?$CJ?$AA@ 00421e68     LIBCD:output.obj
 0002:00000e78       ??_C@_07INLA@_open?4c?$AA@ 00421e78     LIBCD:_open.obj
 0002:00000e80       ??_C@_0BB@COCE@filename?5?$CB?$DN?5NULL?$AA@ 00421e80     LIBCD:_open.obj
 0002:00000e94       ??_C@_08HJEP@stream?4c?$AA@ 00421e94     LIBCD:stream.obj
 0002:00000f18       ??_C@_03GAFO@_yn?$AA@      00421f18     LIBCD:fpexcept.obj
 0002:00000f1c       ??_C@_03GNLD@_y1?$AA@      00421f1c     LIBCD:fpexcept.obj
 0002:00000f20       ??_C@_03MHCE@_y0?$AA@      00421f20     LIBCD:fpexcept.obj
 0002:00000f24       ??_C@_05PAK@frexp?$AA@     00421f24     LIBCD:fpexcept.obj
 0002:00000f2c       ??_C@_04JKCH@fmod?$AA@     00421f2c     LIBCD:fpexcept.obj
 0002:00000f34       ??_C@_06GGHF@_hypot?$AA@   00421f34     LIBCD:fpexcept.obj
 0002:00000f3c       ??_C@_05JNMC@_cabs?$AA@    00421f3c     LIBCD:fpexcept.obj
 0002:00000f44       ??_C@_05MEKH@ldexp?$AA@    00421f44     LIBCD:fpexcept.obj
 0002:00000f4c       ??_C@_04KAOJ@modf?$AA@     00421f4c     LIBCD:fpexcept.obj
 0002:00000f54       ??_C@_04EHAJ@fabs?$AA@     00421f54     LIBCD:fpexcept.obj
 0002:00000f5c       ??_C@_05MFBN@floor?$AA@    00421f5c     LIBCD:fpexcept.obj
 0002:00000f64       ??_C@_04JJMP@ceil?$AA@     00421f64     LIBCD:fpexcept.obj
 0002:00000f6c       ??_C@_03JLPI@tan?$AA@      00421f6c     LIBCD:fpexcept.obj
 0002:00000f70       ??_C@_03DLFL@cos?$AA@      00421f70     LIBCD:fpexcept.obj
 0002:00000f74       ??_C@_03JAMN@sin?$AA@      00421f74     LIBCD:fpexcept.obj
 0002:00000f78       ??_C@_04LMBE@sqrt?$AA@     00421f78     LIBCD:fpexcept.obj
 0002:00000f80       ??_C@_05BFPO@atan2?$AA@    00421f80     LIBCD:fpexcept.obj
 0002:00000f88       ??_C@_04EAGN@atan?$AA@     00421f88     LIBCD:fpexcept.obj
 0002:00000f90       ??_C@_04OAMO@acos?$AA@     00421f90     LIBCD:fpexcept.obj
 0002:00000f98       ??_C@_04ELFI@asin?$AA@     00421f98     LIBCD:fpexcept.obj
 0002:00000fa0       ??_C@_04LFAD@tanh?$AA@     00421fa0     LIBCD:fpexcept.obj
 0002:00000fa8       ??_C@_04PFKD@cosh?$AA@     00421fa8     LIBCD:fpexcept.obj
 0002:00000fb0       ??_C@_04NPAI@sinh?$AA@     00421fb0     LIBCD:fpexcept.obj
 0002:00000fb8       ??_C@_05IJHH@log10?$AA@    00421fb8     LIBCD:fpexcept.obj
 0002:00000fc0       ??_C@_03BGKD@log?$AA@      00421fc0     LIBCD:fpexcept.obj
 0002:00000fc4       ??_C@_03EGFG@pow?$AA@      00421fc4     LIBCD:fpexcept.obj
 0002:00000fc8       ??_C@_03CDGJ@exp?$AA@      00421fc8     LIBCD:fpexcept.obj
 0002:00000fcc       ??_C@_07CMIP@ftell?4c?$AA@ 00421fcc     LIBCD:ftell.obj
 0002:00000fd4       ??_C@_07IEFA@input?4c?$AA@ 00421fd4     LIBCD:input.obj
 0002:00000fdc       ??_C@_07HPAH@_file?4c?$AA@ 00421fdc     LIBCD:_file.obj
 0002:00001020       ??_C@_09IGKD@stdenvp?4c?$AA@ 00422020     LIBCD:stdenvp.obj
 0002:0000102c       ??_C@_09MPMN@stdargv?4c?$AA@ 0042202c     LIBCD:stdargv.obj
 0002:00001038       ??_C@_07BNNE@a_env?4c?$AA@ 00422038     LIBCD:a_env.obj
 0002:00001040       ??_C@_08KFDJ@ioinit?4c?$AA@ 00422040     LIBCD:ioinit.obj
 0002:0000104c       ??_C@_0BH@PHHF@__GLOBAL_HEAP_SELECTED?$AA@ 0042204c     LIBCD:heapinit.obj
 0002:00001064       ??_C@_0BF@BBGL@__MSVCRT_HEAP_SELECT?$AA@ 00422064     LIBCD:heapinit.obj
 0002:0000107c       ??_C@_0P@GGKG@runtime?5error?5?$AA@ 0042207c     LIBCD:crt0msg.obj
 0002:0000108c       ??_C@_02PIMC@?$AN?6?$AA@   0042208c     LIBCD:crt0msg.obj
 0002:00001090       ??_C@_0O@DELO@TLOSS?5error?$AN?6?$AA@ 00422090     LIBCD:crt0msg.obj
 0002:000010a0       ??_C@_0N@OMLL@SING?5error?$AN?6?$AA@ 004220a0     LIBCD:crt0msg.obj
 0002:000010b0       ??_C@_0P@OJAK@DOMAIN?5error?$AN?6?$AA@ 004220b0     LIBCD:crt0msg.obj
 0002:000010c0       ??_C@_0CF@EANP@R6028?$AN?6?9?5unable?5to?5initialize?5he@ 004220c0     LIBCD:crt0msg.obj
 0002:000010e8       ??_C@_0DF@ECGN@R6027?$AN?6?9?5not?5enough?5space?5for?5lo@ 004220e8     LIBCD:crt0msg.obj
 0002:00001120       ??_C@_0DF@FKAC@R6026?$AN?6?9?5not?5enough?5space?5for?5st@ 00422120     LIBCD:crt0msg.obj
 0002:00001158       ??_C@_0CG@DPMN@R6025?$AN?6?9?5pure?5virtual?5function?5c@ 00422158     LIBCD:crt0msg.obj
 0002:00001180       ??_C@_0DF@CKIP@R6024?$AN?6?9?5not?5enough?5space?5for?5_o@ 00422180     LIBCD:crt0msg.obj
 0002:000011b8       ??_C@_0CJ@GGOE@R6019?$AN?6?9?5unable?5to?5open?5console?5@ 004221b8     LIBCD:crt0msg.obj
 0002:000011e4       ??_C@_0CB@LBOB@R6018?$AN?6?9?5unexpected?5heap?5error?$AN?6@ 004221e4     LIBCD:crt0msg.obj
 0002:00001208       ??_C@_0CN@FPEG@R6017?$AN?6?9?5unexpected?5multithread?5@ 00422208     LIBCD:crt0msg.obj
 0002:00001238       ??_C@_0CM@OBIC@R6016?$AN?6?9?5not?5enough?5space?5for?5th@ 00422238     LIBCD:crt0msg.obj
 0002:00001264       ??_C@_0CB@HPAL@?$AN?6abnormal?5program?5termination?$AN?6@ 00422264     LIBCD:crt0msg.obj
 0002:00001288       ??_C@_0CM@JOOB@R6009?$AN?6?9?5not?5enough?5space?5for?5en@ 00422288     LIBCD:crt0msg.obj
 0002:000012b4       ??_C@_0CK@OIBL@R6008?$AN?6?9?5not?5enough?5space?5for?5ar@ 004222b4     LIBCD:crt0msg.obj
 0002:000012e0       ??_C@_0CF@LKPB@R6002?$AN?6?9?5floating?5point?5not?5load@ 004222e0     LIBCD:crt0msg.obj
 0002:00001308       ??_C@_0CF@JPDF@Microsoft?5Visual?5C?$CL?$CL?5Runtime?5Lib@ 00422308     LIBCD:crt0msg.obj
 0002:00001330       ??_C@_0BK@DEOK@Runtime?5Error?$CB?6?6Program?3?5?$AA@ 00422330     LIBCD:crt0msg.obj
 0002:0000134c       ??_C@_09NEAG@sprintf?4c?$AA@ 0042234c     LIBCD:snprintf.obj
 0002:00001358       ??_C@_0P@OOIN@string?5?$CB?$DN?5NULL?$AA@ 00422358     LIBCD:snprintf.obj
 0002:00001368       ??_C@_0L@HE@vsprintf?4c?$AA@ 00422368     LIBCD:vsnprint.obj
 0002:00001374       ??_C@_0BD@NJFP@GetLastActivePopup?$AA@ 00422374     LIBCD:crtmbox.obj
 0002:00001388       ??_C@_0BA@GILI@GetActiveWindow?$AA@ 00422388     LIBCD:crtmbox.obj
 0002:00001398       ??_C@_0M@PKCK@MessageBoxA?$AA@ 00422398     LIBCD:crtmbox.obj
 0002:000013a4       ??_C@_09LNLM@osfinfo?4c?$AA@ 004223a4     LIBCD:osfinfo.obj
 0002:000013b0       ??_C@_0DP@IHIN@?$CI?$CCinconsistent?5IOB?5fields?$CC?0?5stre@ 004223b0     LIBCD:_flsbuf.obj
 0002:000013f0       ??_C@_09LGEI@_flsbuf?4c?$AA@ 004223f0     LIBCD:_flsbuf.obj
 0002:000013fc       ??_C@_08MOLN@mbtowc?4c?$AA@ 004223fc     LIBCD:mbtowc.obj
 0002:00001408       ??_C@_0CD@NPPL@MB_CUR_MAX?5?$DN?$DN?51?5?$HM?$HM?5MB_CUR_MAX?5?$DN?$DN@ 00422408     LIBCD:mbtowc.obj
 0002:0000142c       ??_C@_09DNOI@_filbuf?4c?$AA@ 0042242c     LIBCD:_filbuf.obj
 0002:00001438       ??_C@_08JKP@ungetc?4c?$AA@ 00422438     LIBCD:ungetc.obj
 0002:00001444       ??_C@_01A@?$AA?$AA@        00422444     LIBCD:a_str.obj
 0002:00001448       ??_C@_13A@?$AA?$AA?$AA?$AA@ 00422448     LIBCD:a_str.obj
 0002:00001478       ??_C@_06PAPI@1?$CDQNAN?$AA@ 00422478     LIBCD:x10fout.obj
 0002:00001480       ??_C@_05BGNL@1?$CDINF?$AA@ 00422480     LIBCD:x10fout.obj
 0002:00001488       ??_C@_05EDPF@1?$CDIND?$AA@ 00422488     LIBCD:x10fout.obj
 0002:00001490       ??_C@_06LKFM@1?$CDSNAN?$AA@ 00422490     LIBCD:x10fout.obj
 0002:00001498       ??_C@_09EMDO@_getbuf?4c?$AA@ 00422498     LIBCD:_getbuf.obj
 0002:000014a4       ??_C@_08EIOK@chsize?4c?$AA@ 004224a4     LIBCD:chsize.obj
 0002:000014b0       ??_C@_09NPGF@size?5?$DO?$DN?50?$AA@ 004224b0     LIBCD:chsize.obj
 0003:00000000       ___xc_a                    00423000     LIBCD:crt0init.obj
 0003:00000010       ___xc_z                    00423010     LIBCD:crt0init.obj
 0003:00000014       ___xi_a                    00423014     LIBCD:crt0init.obj
 0003:00000024       ___xi_z                    00423024     LIBCD:crt0init.obj
 0003:00000028       ___xp_a                    00423028     LIBCD:crt0init.obj
 0003:00000030       ___xp_z                    00423030     LIBCD:crt0init.obj
 0003:00000034       ___xt_a                    00423034     LIBCD:crt0init.obj
 0003:0000003c       ___xt_z                    0042303c     LIBCD:crt0init.obj
 0003:000000e0       __fltused                  004230e0     LIBCD:fpinit.obj
 0003:000000e4       __ldused                   004230e4     LIBCD:fpinit.obj
 0003:000000e8       __FPinit                   004230e8     LIBCD:fpinit.obj
 0003:000000ec       __FPmtinit                 004230ec     LIBCD:fpinit.obj
 0003:000000f0       __FPmtterm                 004230f0     LIBCD:fpinit.obj
 0003:00000110       __NLG_Destination          00423110     LIBCD:exsup.obj
 0003:00000160       __half                     00423160     LIBCD:pow.obj
 0003:00000170       __OP_FMODjmptab            00423170     LIBCD:87fmod.obj
 0003:000001d0       __aexit_rtn                004231d0     LIBCD:crt0.obj
 0003:000001d4       ___app_type                004231d4     LIBCD:crt0.obj
 0003:000001d8       __cfltcvt_tab              004231d8     LIBCD:cmiscdat.obj
 0003:000001f0       __crtAssertBusy            004231f0     LIBCD:dbgrpt.obj
 0003:000001f4       __CrtDbgMode               004231f4     LIBCD:dbgrpt.obj
 0003:00000200       __CrtDbgFile               00423200     LIBCD:dbgrpt.obj
 0003:00000218       __crtDbgFlag               00423218     LIBCD:dbgheap.obj
 0003:00000220       __crtBreakAlloc            00423220     LIBCD:dbgheap.obj
 0003:00000240       __indefinite               00423240     LIBCD:87disp.obj
 0003:0000024a       __piby2                    0042324a     LIBCD:87disp.obj
 0003:0000025c       __cpower                   0042325c     LIBCD:87disp.obj
 0003:00000270       ___nullstring              00423270     LIBCD:output.obj
 0003:00000274       ___wnullstring             00423274     LIBCD:output.obj
 0003:00000280       ?__pUnexpected@@3P6AXXZA   00423280     LIBCD:hooks.obj
 0003:00000284       ?__pInconsistency@@3P6AXXZA 00423284     LIBCD:hooks.obj
 0003:00000360       __d_inf                    00423360     LIBCD:util.obj
 0003:00000368       __d_ind                    00423368     LIBCD:util.obj
 0003:00000370       __d_max                    00423370     LIBCD:util.obj
 0003:00000378       __d_min                    00423378     LIBCD:util.obj
 0003:00000380       __d_mzero                  00423380     LIBCD:util.obj
 0003:000003a0       __infinity                 004233a0     LIBCD:87tran.obj
 0003:000003aa       __minfinity                004233aa     LIBCD:87tran.obj
 0003:000003b4       __logemax                  004233b4     LIBCD:87tran.obj
 0003:000003e4       __OP_EXPjmptab             004233e4     LIBCD:87tran.obj
 0003:00000410       __iob                      00423410     LIBCD:_file.obj
 0003:000007f0       __OP_ATAN2jmptab           004237f0     LIBCD:87triga.obj
 0003:00000840       __XcptActTab               00423840     LIBCD:winxfltr.obj
 0003:000008b8       __First_FPE_Indx           004238b8     LIBCD:winxfltr.obj
 0003:000008bc       __Num_FPE                  004238bc     LIBCD:winxfltr.obj
 0003:000008c0       __XcptActTabCount          004238c0     LIBCD:winxfltr.obj
 0003:000008c4       __fpecode                  004238c4     LIBCD:winxfltr.obj
 0003:000008c8       ___badioinfo               004238c8     LIBCD:ioinit.obj
 0003:000008d0       __amblksiz                 004238d0     LIBCD:heapinit.obj
 0003:00000968       ___mb_cur_max              00423968     LIBCD:nlsdata1.obj
 0003:0000096c       ___decimal_point           0042396c     LIBCD:nlsdata1.obj
 0003:00000970       ___decimal_point_length    00423970     LIBCD:nlsdata1.obj
 0003:00000974       __pctype                   00423974     LIBCD:ctype.obj
 0003:00000978       __pwctype                  00423978     LIBCD:ctype.obj
 0003:0000097c       __ctype                    0042397c     LIBCD:ctype.obj
 0003:00000bb0       __pfnAllocHook             00423bb0     LIBCD:dbghook.obj
 0003:00000bb8       ___old_small_block_heap    00423bb8     LIBCD:sbheap.obj
 0003:00002bdc       ___old_sbh_threshold       00425bdc     LIBCD:sbheap.obj
 0003:00002d50       __matherr_flag             00425d50     LIBCD:matherr.obj
 0003:00002e60       __pow10pos                 00425e60     LIBCD:constpow.obj
 0003:00002fc0       __pow10neg                 00425fc0     LIBCD:constpow.obj
 0003:00003120       ?glv@@3VCGLV@@A            00426120     PSINS.obj
 0003:000031d0       ?I33@@3VCMat3@@A           004261d0     PSINS.obj
 0003:00003218       ?O31@@3VCVect3@@A          00426218     PSINS.obj
 0003:00003230       ___fastflag                00426230     LIBCD:fpinit.obj
 0003:00003234       __adjust_fdiv              00426234     LIBCD:fpinit.obj
 0003:00003238       __aenvptr                  00426238     LIBCD:crt0.obj
 0003:0000323c       __wenvptr                  0042623c     LIBCD:crt0.obj
 0003:00003240       ___error_mode              00426240     LIBCD:crt0.obj
 0003:0000326c       __stdbuf                   0042626c     LIBCD:_sftbuf.obj
 0003:00003274       ?_pCurrentException@@3PAUEHExceptionRecord@@A 00426274     LIBCD:frame.obj
 0003:00003278       ?_pCurrentExContext@@3PAU_CONTEXT@@A 00426278     LIBCD:frame.obj
 0003:0000327c       ?__pSETranslator@@3P6AXIPAU_EXCEPTION_POINTERS@@@ZA 0042627c     LIBCD:hooks.obj
 0003:00003280       ?__pTerminate@@3P6AXXZA    00426280     LIBCD:hooks.obj
 0003:00003284       _errno                     00426284     LIBCD:crt0dat.obj
 0003:00003288       __doserrno                 00426288     LIBCD:crt0dat.obj
 0003:0000328c       __umaskval                 0042628c     LIBCD:crt0dat.obj
 0003:00003290       __osver                    00426290     LIBCD:crt0dat.obj
 0003:00003294       __winver                   00426294     LIBCD:crt0dat.obj
 0003:00003298       __winmajor                 00426298     LIBCD:crt0dat.obj
 0003:0000329c       __winminor                 0042629c     LIBCD:crt0dat.obj
 0003:000032a0       ___argc                    004262a0     LIBCD:crt0dat.obj
 0003:000032a4       ___argv                    004262a4     LIBCD:crt0dat.obj
 0003:000032a8       ___wargv                   004262a8     LIBCD:crt0dat.obj
 0003:000032ac       __environ                  004262ac     LIBCD:crt0dat.obj
 0003:000032b0       ___initenv                 004262b0     LIBCD:crt0dat.obj
 0003:000032b4       __wenviron                 004262b4     LIBCD:crt0dat.obj
 0003:000032b8       ___winitenv                004262b8     LIBCD:crt0dat.obj
 0003:000032bc       __pgmptr                   004262bc     LIBCD:crt0dat.obj
 0003:000032c0       __wpgmptr                  004262c0     LIBCD:crt0dat.obj
 0003:000032c4       __exitflag                 004262c4     LIBCD:crt0dat.obj
 0003:000032c8       __C_Termination_Done       004262c8     LIBCD:crt0dat.obj
 0003:000032cc       __C_Exit_Done              004262cc     LIBCD:crt0dat.obj
 0003:000032d4       __cflush                   004262d4     LIBCD:_file.obj
 0003:000032ec       __pxcptinfoptrs            004262ec     LIBCD:winxfltr.obj
 0003:000033f8       __adbgmsg                  004263f8     LIBCD:crt0msg.obj
 0003:00003450       __newmode                  00426450     LIBCD:_newmode.obj
 0003:00003454       ?_pnhHeap@@3P6AHI@ZA       00426454     LIBCD:handler.obj
 0003:0000345c       __commode                  0042645c     LIBCD:ncommode.obj
 0003:00003470       ___lc_handle               00426470     LIBCD:nlsdata2.obj
 0003:00003488       ___lc_codepage             00426488     LIBCD:nlsdata2.obj
 0003:0000348c       ___lc_collate_cp           0042648c     LIBCD:nlsdata2.obj
 0003:00003490       __fmode                    00426490     LIBCD:txtmode.obj
 0003:00003494       ___mbcodepage              00426494     <common>
 0003:000034a0       ___mbulinfo                004264a0     <common>
 0003:000034ac       ___ismbcodepage            004264ac     <common>
 0003:000034c0       __mbcasemap                004264c0     <common>
 0003:000035c0       __mbctype                  004265c0     <common>
 0003:000036c4       ___mblcid                  004266c4     <common>
 0003:000036c8       ___sbh_sizeHeaderList      004266c8     <common>
 0003:000036cc       ___sbh_indGroupDefer       004266cc     <common>
 0003:000036d0       ___sbh_pHeaderScan         004266d0     <common>
 0003:000036d4       ___sbh_initialized         004266d4     <common>
 0003:000036d8       ___sbh_pHeaderDefer        004266d8     <common>
 0003:000036dc       ___sbh_cntHeaderList       004266dc     <common>
 0003:000036e0       ___sbh_pHeaderList         004266e0     <common>
 0003:000036e4       ___sbh_threshold           004266e4     <common>
 0003:000036e8       __crtheap                  004266e8     <common>
 0003:000036ec       ___active_heap             004266ec     <common>
 0003:00003700       ___pioinfo                 00426700     <common>
 0003:00003800       __nhandle                  00426800     <common>
 0003:00003804       ___piob                    00426804     <common>
 0003:00003820       __bufin                    00426820     <common>
 0003:00004820       __nstream                  00427820     <common>
 0003:00004824       ___env_initialized         00427824     <common>
 0003:00004828       ___mbctype_initialized     00427828     <common>
 0003:0000482c       ___onexitend               0042782c     <common>
 0003:00004830       ___onexitbegin             00427830     <common>
 0003:00004834       __pfnDumpClient            00427834     <common>
 0003:00004838       __pfnReportHook            00427838     <common>
 0003:0000483c       __acmdln                   0042783c     <common>
 0004:00000000       __IMPORT_DESCRIPTOR_KERNEL32 00428000     kernel32:KERNEL32.dll
 0004:00000014       __NULL_IMPORT_DESCRIPTOR   00428014     kernel32:KERNEL32.dll
 0004:00000110       __imp__RtlUnwind@16        00428110     kernel32:KERNEL32.dll
 0004:00000114       __imp__GetCommandLineA@0   00428114     kernel32:KERNEL32.dll
 0004:00000118       __imp__GetVersion@0        00428118     kernel32:KERNEL32.dll
 0004:0000011c       __imp__ExitProcess@4       0042811c     kernel32:KERNEL32.dll
 0004:00000120       __imp__GetProcAddress@8    00428120     kernel32:KERNEL32.dll
 0004:00000124       __imp__GetModuleHandleA@4  00428124     kernel32:KERNEL32.dll
 0004:00000128       __imp__DebugBreak@0        00428128     kernel32:KERNEL32.dll
 0004:0000012c       __imp__GetStdHandle@4      0042812c     kernel32:KERNEL32.dll
 0004:00000130       __imp__WriteFile@20        00428130     kernel32:KERNEL32.dll
 0004:00000134       __imp__InterlockedDecrement@4 00428134     kernel32:KERNEL32.dll
 0004:00000138       __imp__OutputDebugStringA@4 00428138     kernel32:KERNEL32.dll
 0004:0000013c       __imp__LoadLibraryA@4      0042813c     kernel32:KERNEL32.dll
 0004:00000140       __imp__InterlockedIncrement@4 00428140     kernel32:KERNEL32.dll
 0004:00000144       __imp__GetModuleFileNameA@12 00428144     kernel32:KERNEL32.dll
 0004:00000148       __imp__IsBadWritePtr@8     00428148     kernel32:KERNEL32.dll
 0004:0000014c       __imp__IsBadReadPtr@8      0042814c     kernel32:KERNEL32.dll
 0004:00000150       __imp__HeapValidate@12     00428150     kernel32:KERNEL32.dll
 0004:00000154       __imp__GetLastError@0      00428154     kernel32:KERNEL32.dll
 0004:00000158       __imp__CloseHandle@4       00428158     kernel32:KERNEL32.dll
 0004:0000015c       __imp__RaiseException@16   0042815c     kernel32:KERNEL32.dll
 0004:00000160       __imp__SetFilePointer@16   00428160     kernel32:KERNEL32.dll
 0004:00000164       __imp__TerminateProcess@8  00428164     kernel32:KERNEL32.dll
 0004:00000168       __imp__GetCurrentProcess@0 00428168     kernel32:KERNEL32.dll
 0004:0000016c       __imp__UnhandledExceptionFilter@4 0042816c     kernel32:KERNEL32.dll
 0004:00000170       __imp__FreeEnvironmentStringsA@4 00428170     kernel32:KERNEL32.dll
 0004:00000174       __imp__FreeEnvironmentStringsW@4 00428174     kernel32:KERNEL32.dll
 0004:00000178       __imp__WideCharToMultiByte@32 00428178     kernel32:KERNEL32.dll
 0004:0000017c       __imp__GetEnvironmentStrings@0 0042817c     kernel32:KERNEL32.dll
 0004:00000180       __imp__GetEnvironmentStringsW@0 00428180     kernel32:KERNEL32.dll
 0004:00000184       __imp__SetHandleCount@4    00428184     kernel32:KERNEL32.dll
 0004:00000188       __imp__GetFileType@4       00428188     kernel32:KERNEL32.dll
 0004:0000018c       __imp__GetStartupInfoA@4   0042818c     kernel32:KERNEL32.dll
 0004:00000190       __imp__GetEnvironmentVariableA@12 00428190     kernel32:KERNEL32.dll
 0004:00000194       __imp__GetVersionExA@4     00428194     kernel32:KERNEL32.dll
 0004:00000198       __imp__HeapDestroy@4       00428198     kernel32:KERNEL32.dll
 0004:0000019c       __imp__HeapCreate@12       0042819c     kernel32:KERNEL32.dll
 0004:000001a0       __imp__HeapFree@12         004281a0     kernel32:KERNEL32.dll
 0004:000001a4       __imp__VirtualFree@12      004281a4     kernel32:KERNEL32.dll
 0004:000001a8       __imp__SetConsoleCtrlHandler@8 004281a8     kernel32:KERNEL32.dll
 0004:000001ac       __imp__HeapAlloc@12        004281ac     kernel32:KERNEL32.dll
 0004:000001b0       __imp__HeapReAlloc@16      004281b0     kernel32:KERNEL32.dll
 0004:000001b4       __imp__VirtualAlloc@16     004281b4     kernel32:KERNEL32.dll
 0004:000001b8       __imp__SetStdHandle@8      004281b8     kernel32:KERNEL32.dll
 0004:000001bc       __imp__FlushFileBuffers@4  004281bc     kernel32:KERNEL32.dll
 0004:000001c0       __imp__CreateFileA@28      004281c0     kernel32:KERNEL32.dll
 0004:000001c4       __imp__SetUnhandledExceptionFilter@4 004281c4     kernel32:KERNEL32.dll
 0004:000001c8       __imp__IsBadCodePtr@4      004281c8     kernel32:KERNEL32.dll
 0004:000001cc       __imp__MultiByteToWideChar@24 004281cc     kernel32:KERNEL32.dll
 0004:000001d0       __imp__GetCPInfo@8         004281d0     kernel32:KERNEL32.dll
 0004:000001d4       __imp__GetACP@0            004281d4     kernel32:KERNEL32.dll
[...]
 0001:00014ddc       UnwindUp1                  00415ddc f   LIBCD:memmove.obj
 0001:00014dd4       UnwindUp2                  00415dd4 f   LIBCD:memmove.obj
 0001:00014dcc       UnwindUp3                  00415dcc f   LIBCD:memmove.obj
 0001:00014dc4       UnwindUp4                  00415dc4 f   LIBCD:memmove.obj
 0001:00014dbc       UnwindUp5                  00415dbc f   LIBCD:memmove.obj
 0001:00014db4       UnwindUp6                  00415db4 f   LIBCD:memmove.obj
 0001:00014dac       UnwindUp7                  00415dac f   LIBCD:memmove.obj
 0001:00014e08       TrailUp0                   00415e08 f   LIBCD:memmove.obj
 0001:00014e10       TrailUp1                   00415e10 f   LIBCD:memmove.obj
 0001:00014e1c       TrailUp2                   00415e1c f   LIBCD:memmove.obj
 0001:00014e30       TrailUp3                   00415e30 f   LIBCD:memmove.obj
 0001:00014ea8       LeadDown1                  00415ea8 f   LIBCD:memmove.obj
 0001:00014ec8       LeadDown2                  00415ec8 f   LIBCD:memmove.obj
 0001:00014ef0       LeadDown3                  00415ef0 f   LIBCD:memmove.obj
 0001:00014f44       UnwindDown7                00415f44 f   LIBCD:memmove.obj
 0001:00014f4c       UnwindDown6                00415f4c f   LIBCD:memmove.obj
 0001:00014f54       UnwindDown5                00415f54 f   LIBCD:memmove.obj
 0001:00014f5c       UnwindDown4                00415f5c f   LIBCD:memmove.obj
 0001:00014f64       UnwindDown3                00415f64 f   LIBCD:memmove.obj
 0001:00014f6c       UnwindDown2                00415f6c f   LIBCD:memmove.obj
 0001:00014f74       UnwindDown1                00415f74 f   LIBCD:memmove.obj
 0001:00014f87       UnwindDown0                00415f87 f   LIBCD:memmove.obj
 0001:00014fa0       TrailDown0                 00415fa0 f   LIBCD:memmove.obj
 0001:00014fa8       TrailDown1                 00415fa8 f   LIBCD:memmove.obj
 0001:00014fb8       TrailDown2                 00415fb8 f   LIBCD:memmove.obj
 0001:00014fcc       TrailDown3                 00415fcc f   LIBCD:memmove.obj
 0001:00014cd0       CopyUp                     00415cd0 f   LIBCD:memmove.obj
 0001:00014cec       CopyLeadUp                 00415cec f   LIBCD:memmove.obj
 0001:00014d04       ByteCopyUp                 00415d04 f   LIBCD:memmove.obj
 0001:00014d0c       CopyUnwindUp               00415d0c f   LIBCD:memmove.obj
 0001:00014e48       CopyDown                   00415e48 f   LIBCD:memmove.obj
 0001:00014e70       CopyUnwindDown             00415e70 f   LIBCD:memmove.obj
 0001:00014e7c       CopyLeadDown               00415e7c f   LIBCD:memmove.obj
 0001:00014e94       ByteCopyDown               00415e94 f   LIBCD:memmove.obj
 0001:00014c73       adjust_loop                00415c73 f   LIBCD:memset.obj
 0001:00014c79       dwords                     00415c79 f   LIBCD:memset.obj
 0001:00014c93       main_loop_tail             00415c93 f   LIBCD:memset.obj
 0001:00014c97       tail                       00415c97 f   LIBCD:memset.obj
 0001:00014c9d       finish                     00415c9d f   LIBCD:memset.obj
 0001:00014ca3       toend                      00415ca3 f   LIBCD:memset.obj
 0001:0001488d       dest_misaligned            0041588d f   LIBCD:strcat.obj
 0001:0001489c       find_end_of_dest_string_loop 0041589c f   LIBCD:strcat.obj
 0001:000148cf       start_byte_3               004158cf f   LIBCD:strcat.obj
 0001:000148d4       start_byte_2               004158d4 f   LIBCD:strcat.obj
 0001:000148d9       start_byte_1               004158d9 f   LIBCD:strcat.obj
 0001:000148de       start_byte_0               004158de f   LIBCD:strcat.obj
 0001:000148ed       src_misaligned             004158ed f   LIBCD:strcat.obj
 0001:00014901       main_loop                  00415901 f   LIBCD:strcat.obj
 0001:00014906       main_loop_entrance         00415906 f   LIBCD:strcat.obj
 0001:0001493a       byte_3                     0041593a f   LIBCD:strcat.obj
 0001:00014942       byte_2                     00415942 f   LIBCD:strcat.obj
 0001:0001494f       byte_1                     0041594f f   LIBCD:strcat.obj
 0001:00014958       byte_0                     00415958 f   LIBCD:strcat.obj
 0001:000148e1       copy_start                 004158e1 f   LIBCD:strcat.obj
 0001:00013b00       __abstract_cw              00414b00 f   LIBCD:ieee87.obj
 0001:00013c80       __hw_cw                    00414c80 f   LIBCD:ieee87.obj
 0001:00013de0       __abstract_sw              00414de0 f   LIBCD:ieee87.obj
 0001:000128e0       _parse_cmdline             004138e0 f   LIBCD:stdargv.obj
 0001:00012650       _xcptlookup                00413650 f   LIBCD:winxfltr.obj
 0001:0001240c       fFATN2                     0041340c f   LIBCD:87triga.obj
 0001:00012482       _rtforatnby0               00413482 f   LIBCD:87triga.obj
 0001:00012465       _rtforatn20                00413465 f   LIBCD:87triga.obj
 0001:00011784       label0                     00412784 f   LIBCD:adj_fdiv.obj
 0001:0001178a       label1                     0041278a f   LIBCD:adj_fdiv.obj
 0001:0001178f       label2                     0041278f f   LIBCD:adj_fdiv.obj
 0001:00011795       label3                     00412795 f   LIBCD:adj_fdiv.obj
 0001:0001179a       label4                     0041279a f   LIBCD:adj_fdiv.obj
 0001:000117a0       label5                     004127a0 f   LIBCD:adj_fdiv.obj
 0001:000117a6       label6                     004127a6 f   LIBCD:adj_fdiv.obj
 0001:000117ac       label7                     004127ac f   LIBCD:adj_fdiv.obj
 0001:000117b2       label8                     004127b2 f   LIBCD:adj_fdiv.obj
 0001:000117ce       label9                     004127ce f   LIBCD:adj_fdiv.obj
 0001:000117d3       label10                    004127d3 f   LIBCD:adj_fdiv.obj
 0001:000117e9       label11                    004127e9 f   LIBCD:adj_fdiv.obj
 0001:000117ee       label12                    004127ee f   LIBCD:adj_fdiv.obj
 0001:0001180a       label13                    0041280a f   LIBCD:adj_fdiv.obj
 0001:0001181a       label14                    0041281a f   LIBCD:adj_fdiv.obj
 0001:0001182e       label15                    0041282e f   LIBCD:adj_fdiv.obj
 0001:0001183e       label16                    0041283e f   LIBCD:adj_fdiv.obj
 0001:0001185e       label17                    0041285e f   LIBCD:adj_fdiv.obj
 0001:00011863       label18                    00412863 f   LIBCD:adj_fdiv.obj
 0001:0001187d       label19                    0041287d f   LIBCD:adj_fdiv.obj
 0001:00011882       label20                    00412882 f   LIBCD:adj_fdiv.obj
 0001:000118a2       label21                    004128a2 f   LIBCD:adj_fdiv.obj
 0001:000118b6       label22                    004128b6 f   LIBCD:adj_fdiv.obj
 0001:000118ce       label23                    004128ce f   LIBCD:adj_fdiv.obj
 0001:000118e2       label24                    004128e2 f   LIBCD:adj_fdiv.obj
 0001:00011902       label25                    00412902 f   LIBCD:adj_fdiv.obj
 0001:00011907       label26                    00412907 f   LIBCD:adj_fdiv.obj
 0001:00011921       label27                    00412921 f   LIBCD:adj_fdiv.obj
 0001:00011926       label28                    00412926 f   LIBCD:adj_fdiv.obj
 0001:00011946       label29                    00412946 f   LIBCD:adj_fdiv.obj
 0001:0001195a       label30                    0041295a f   LIBCD:adj_fdiv.obj
 0001:00011972       label31                    00412972 f   LIBCD:adj_fdiv.obj
 0001:00011986       label32                    00412986 f   LIBCD:adj_fdiv.obj
 0001:000119a6       label33                    004129a6 f   LIBCD:adj_fdiv.obj
 0001:000119ab       label34                    004129ab f   LIBCD:adj_fdiv.obj
 0001:000119c5       label35                    004129c5 f   LIBCD:adj_fdiv.obj
 0001:000119ca       label36                    004129ca f   LIBCD:adj_fdiv.obj
 0001:000119ea       label37                    004129ea f   LIBCD:adj_fdiv.obj
 0001:000119fe       label38                    004129fe f   LIBCD:adj_fdiv.obj
 0001:00011a16       label39                    00412a16 f   LIBCD:adj_fdiv.obj
 0001:00011a2a       label40                    00412a2a f   LIBCD:adj_fdiv.obj
 0001:00011a4a       label41                    00412a4a f   LIBCD:adj_fdiv.obj
 0001:00011a4f       label42                    00412a4f f   LIBCD:adj_fdiv.obj
 0001:00011a69       label43                    00412a69 f   LIBCD:adj_fdiv.obj
 0001:00011a6e       label44                    00412a6e f   LIBCD:adj_fdiv.obj
 0001:00011a8e       label45                    00412a8e f   LIBCD:adj_fdiv.obj
 0001:00011aa2       label46                    00412aa2 f   LIBCD:adj_fdiv.obj
 0001:00011aba       label47                    00412aba f   LIBCD:adj_fdiv.obj
 0001:00011ace       label48                    00412ace f   LIBCD:adj_fdiv.obj
 0001:00011aee       label49                    00412aee f   LIBCD:adj_fdiv.obj
 0001:00011af3       label50                    00412af3 f   LIBCD:adj_fdiv.obj
 0001:00011b0d       label51                    00412b0d f   LIBCD:adj_fdiv.obj
 0001:00011b12       label52                    00412b12 f   LIBCD:adj_fdiv.obj
 0001:00011b32       label53                    00412b32 f   LIBCD:adj_fdiv.obj
 0001:00011b46       label54                    00412b46 f   LIBCD:adj_fdiv.obj
 0001:00011b5e       label55                    00412b5e f   LIBCD:adj_fdiv.obj
 0001:00011b72       label56                    00412b72 f   LIBCD:adj_fdiv.obj
 0001:00011b92       label57                    00412b92 f   LIBCD:adj_fdiv.obj
 0001:00011b97       label58                    00412b97 f   LIBCD:adj_fdiv.obj
 0001:00011bb1       label59                    00412bb1 f   LIBCD:adj_fdiv.obj
 0001:00011bb6       label60                    00412bb6 f   LIBCD:adj_fdiv.obj
 0001:00011bd6       label61                    00412bd6 f   LIBCD:adj_fdiv.obj
 0001:00011bea       label62                    00412bea f   LIBCD:adj_fdiv.obj
 0001:00011c02       label63                    00412c02 f   LIBCD:adj_fdiv.obj
 0001:000111a0       __hextodec                 004121a0 f   LIBCD:input.obj
 0001:00011200       __inc                      00412200 f   LIBCD:input.obj
 0001:00011260       __un_inc                   00412260 f   LIBCD:input.obj
 0001:00011280       __whiteout                 00412280 f   LIBCD:input.obj
 0001:0000fcb0       _doexit                    00410cb0 f   LIBCD:crt0dat.obj
 0001:0000fd90       __initterm                 00410d90 f   LIBCD:crt0dat.obj
 0001:0000f381       fFEXP                      00410381 f   LIBCD:87tran.obj
 0001:0000f4c1       _rtforexpinf               004104c1 f   LIBCD:87tran.obj
 0001:0000ef00       __get_fname                0040ff00 f   LIBCD:fpexcept.obj
 0001:0000d670       ?FindHandler@@YAXPAUEHExceptionRecord@@PAUEHRegistrationNode@@PAU_CONTEXT@@PAXPBU_s_FuncInfo@@EH1@Z 0040e670 f   LIBCD:frame.obj
 0001:0000d910       ?FindHandlerForForeignException@@YAXPAUEHExceptionRecord@@PAUEHRegistrationNode@@PAU_CONTEXT@@PAXPBU_s_FuncInfo@@HH1@Z 0040e910 f   LIBCD:frame.obj
 0001:0000da30       ?TypeMatch@@YAHPBU_s_HandlerType@@PBU_s_CatchableType@@PBU_s_ThrowInfo@@@Z 0040ea30 f   LIBCD:frame.obj
 0001:0000dbf0       ?FrameUnwindFilter@@YAHPAU_EXCEPTION_POINTERS@@@Z 0040ebf0 f   LIBCD:frame.obj
 0001:0000dc20       ?CatchIt@@YAXPAUEHExceptionRecord@@PAUEHRegistrationNode@@PAU_CONTEXT@@PAXPBU_s_FuncInfo@@PBU_s_HandlerType@@PBU_s_CatchableType@@PBU_s_TryBlockMapEntry@@H1E@Z 0040ec20 f   LIBCD:frame.obj
 0001:0000dce0       ?CallCatchBlock@@YAPAXPAUEHExceptionRecord@@PAUEHRegistrationNode@@PAU_CONTEXT@@PBU_s_FuncInfo@@PAXHK@Z 0040ece0 f   LIBCD:frame.obj
 0001:0000de30       ?ExFilterRethrow@@YAHPAU_EXCEPTION_POINTERS@@@Z 0040ee30 f   LIBCD:frame.obj
 0001:0000de80       ?BuildCatchObject@@YAXPAUEHExceptionRecord@@PAUEHRegistrationNode@@PBU_s_HandlerType@@PBU_s_CatchableType@@@Z 0040ee80 f   LIBCD:frame.obj
 0001:0000e190       ?AdjustPointer@@YAPAXPAXABUPMD@@@Z 0040f190 f   LIBCD:frame.obj
 0001:0000cf90       _write_char                0040df90 f   LIBCD:output.obj
 0001:0000d010       _write_multi_char          0040e010 f   LIBCD:output.obj
 0001:0000d050       _write_string              0040e050 f   LIBCD:output.obj
 0001:0000d0a0       _get_int_arg               0040e0a0 f   LIBCD:output.obj
 0001:0000d0c0       _get_int64_arg             0040e0c0 f   LIBCD:output.obj
 0001:0000d0e0       _get_short_arg             0040e0e0 f   LIBCD:output.obj
 0001:0000bb10       _flsall                    0040cb10 f   LIBCD:fflush.obj
 0001:00009dd0       _realloc_help              0040add0 f   LIBCD:dbgheap.obj
 0001:0000a9a0       _CheckBytes                0040b9a0 f   LIBCD:dbgheap.obj
 0001:0000b5e0       __printMemBlockData        0040c5e0 f   LIBCD:dbgheap.obj
 0001:000095c0       _CrtMessageWindow          0040a5c0 f   LIBCD:dbgrpt.obj
 0001:00009020       __cftoe_g                  0040a020 f   LIBCD:cvt.obj
 0001:00009060       __cftof_g                  0040a060 f   LIBCD:cvt.obj
 0001:000090f0       __shift                    0040a0f0 f   LIBCD:cvt.obj
 0001:000088c0       _fast_error_exit           004098c0 f   LIBCD:crt0.obj
 0001:00008654       fFMOD                      00409654 f   LIBCD:87fmod.obj
 0001:00007cd8       _gu_return                 00408cd8 f   LIBCD:exsup.obj
 0001:00007ce0       __unwind_handler           00408ce0 f   LIBCD:exsup.obj
 0001:00007c90       _$$$00001                  00408c90 f   LIBCD:chkstk.obj
 0001:00007c9c       probepages                 00408c9c f   LIBCD:chkstk.obj
 0001:00007cb0       lastpage                   00408cb0 f   LIBCD:chkstk.obj
 0001:00007a60       ?CatchGuardHandler@@YA?AW4_EXCEPTION_DISPOSITION@@PAUEHExceptionRecord@@PAUCatchGuardRN@@PAX2@Z 00408a60 f   LIBCD:trnsctrl.obj
 0001:00007b70       ?TranslatorGuardHandler@@YA?AW4_EXCEPTION_DISPOSITION@@PAUEHExceptionRecord@@PAUTranslatorGuardRN@@PAX2@Z 00408b70 f   LIBCD:trnsctrl.obj

FIXUPS: 8608 ffffff2a ffffff35 5 a 532 33 63 4f 131 19 4d 4a fffffb52 2e
FIXUPS: 8818 2e 14 22 22 fffffe78 2a 1e 17 13 fffffeaf 12 18 16 10 1c 31
FIXUPS: 86e4 fffffeb8 27 f f bf4 fffffe4c 2b 28 16 1d 29 25 fffffe72 12
FIXUPS: 8fa3 10 1b 2a 10 fffffeaf 12 2a 10 1b 2a 10 fffffe8f 12 14 22 10
FIXUPS: 8e6b 2a 10 fffffe2f fffffc74 ccf 14 ffffff2b 2a 20 fffffe81 66
FIXUPS: 94a2 6c fffffcf0 14 1b 25 14 10 d 10 b 3d 3b 14 60 7 14 7 fffffd6b
FIXUPS: 9129 14 24 10 2a 2a f50 fffff895 ffffff54 fffffee1 e f 10 a 5 5
FIXUPS: 9845 f 17 10 22 9 27 9 fffffe70 a ffffff37 12 2c 10 1d 2a 10 ffffff1a
FIXUPS: 9650 14 ffffff82 19 1088 14 26 19d 18 19 19 a fffff11c 28 19f 20
FIXUPS: 9c0c 14 32 64 140 2a 34 35 6b 12 29 43 5a 3d 33 3c 38 1c 1a 18
FIXUPS: c59c 1f 8c 69 2a 34 39 16 7c 2a 28 ffffda0e 10b 2a 18 38 16 2b
FIXUPS: a413 2e 18 18 7a 63 34 47 1e d 2f 15 11 1d 143b 2b 28 28 28 ac
FIXUPS: bc1b 32 2b 39 20 49 33 142 23 1c 59 84 58 bf fd 76 11e a1 20 31
FIXUPS: c46d 4f 3a 31 18 45 ffffedb7 1f 2a 1c 50 1d 1f 62 34 3b 2b 3b 45
FIXUPS: b5d3 c 41 6b 56 36 c 2b 1c 2c 1c 18 1f 62 51 60 5a ac 4e fffff012
FIXUPS: aa8a 5f 54 21 128 1e 1b 34 3e 52 38 3c 21 1b 1c 6b 28 32 4f 18
FIXUPS: af9a 5b 66 25 25 b3 19 59 5f 54 86 1cee 7e c8 33 49 fffffd37 5e
FIXUPS: cf4f fffffead fffffbf0 e 28 76 6e 7d 41 fffffd99 3a ffffff09 1b
FIXUPS: c8c7 10 29 2a ffffdfbb 36 27 23 20 29 2f 1c 2908 24 cb 67 133 18
FIXUPS: d5c3 34 30 a8 e2 d5 ce b9 31 1e 2a 1b 131 25 123 1e 30 75 32 22
FIXUPS: de57 14 170 55 53 ffffef4d 1e35 f3 12 24 f 1f 12 1e 26 f 1c 12
FIXUPS: f010 d a 13 16 13 28 14 15 14 7 17 6b 20 fffff38e fffffc37 2a 2a
FIXUPS: e3b1 ffffef1c 12ce 32 92 3f 6a 15 31 51 ba 3c 27 37 a 3f 25 b2
FIXUPS: ea78 ce 36 12 38 4c 31 16 f 17 37 19 92 18 20 62 62d 2b 2c c 3a
FIXUPS: f4d3 11 2f 44 c 3e e 11 182 1d8 1ac 2b 33 1b6 f4 27 36 44 c 10
FIXUPS: fea1 c fffff3ee 38 78 fffffeb4 22 1a59 20 8d 12 13 19 fffffc1b
FIXUPS: 109be 146 70 fffffd4d 59 fffffe1d c8 1d 27 fffffb6d 12 1d 5 55
FIXUPS: 10475 7 2f b2 15 fffffae8 1c3 17 fffff167 1d 53 253c 46 2f c1 24
FIXUPS: 11b86 39 76 4a 3d 76 6c 62 20 77 27 70 46 31 35 44 35 1c 147 8a
FIXUPS: 12272 24 f ffffe968 12 1d 20 16f2 a6 10 ffffe9e2 2d 47 4a 9 19
FIXUPS: 10f6a 1aa 1d 118 1de 32 97 1f 58 a8 28 33 43 64 46 41 12 2f 4d
FIXUPS: 11849 10 70 24 274b 23f fffffb8d 4a 94 2b fffff903 56 1e 13 22
FIXUPS: 136c0 36 28 1f 29 26 17 12 1c fffffcda ffffffad 1f 7 10 ffffef9e
FIXUPS: 12469 49 132 31 fffffcec 35 2731 2a 23 fffffd00 1c 77 3a 59 15
FIXUPS: 14906 1d 14 13 14 1a 19 fffffd7a d 11 2f 25 fffffb8c b6 7f 24 62
FIXUPS: 144fc 61 18 28 fffff9ab 13 1af4 fffff725 41 8c 14 26f 19 1c 13
FIXUPS: 15536 3a 10 13 16 26 1e 41 93 20 68 82 10 30 10 30 10 fffff74a
FIXUPS: 1504c fffffedd fffffad8 21 21 2302 2f 80 36 fffffda5 2a 29 3b 51
FIXUPS: 16674 182 35 fffffc6b 2a 44 4b fffffe4d 2a 44 4b fffffc49 18 11b
FIXUPS: 161f2 4b 5d 17 b5 fffffd10 fffff9f9 29 ffffffa0 3cb9 9e a3 102
FIXUPS: 19a4d ffffd958 1b 64 fffffebb 19 38 1d fffffb6a 17 31 30 18 3f
FIXUPS: 16f92 13 70 10 5c 62 37 1b 40 14 59 14 3f 6b 3ad0 108 10 3e 54
FIXUPS: 1af65 28 fffffb14 72 13 24 17 fffffc93 1ae fffffd6f fffffc53 2bf
FIXUPS: 1a650 2f fffffacd 2a 45 4b ffffd2dd 23 3c 6ef 192 19 de0 7e5 236
FIXUPS: 1b876 16 22 23 ac 4e 23 125 1c 2b 37 1d 2b 13 b7 fffffa23 a a fffffe50
FIXUPS: 1b53e fffffac6 2a0 5a 34 37 60 21 20 1d 11 15 15 152d 25e 35 35
FIXUPS: 1ce3f fffff80f 2b fffffe55 5f fffffdc3 82 2a fffffb3b 4d 40 40
FIXUPS: 1bfe7 4d 40 43 50 50 4d 65 60 fffffb20 fffff9f7 21 2b 28 1e 2c
FIXUPS: 1ea0d 13 fffff1f7 21 35 35 13a c 10 c 27 6c fffffa5e 98 f6 fffffd34
FIXUPS: 1d7d4 fffffe7b fffffb63 48 141 52 35 140 fffff1a9 23 5 111 43 107
FIXUPS: 1c978 12 26af 73 1c 1f 49 11 71 5f 1d c 47 fffffcfd 37 fffffbbd
FIXUPS: 1ebb5 33 24 bd 2d 9b 32 43 c 10 c fffff35c 14d eb 1c8 8c 152 6d
FIXUPS: 1c01 43 a 1f 177 1f 79 10 1decc 70 4f 1df fffffa1f a7 fffffc55
FIXUPS: 1f73c 28 2c 3a 26 1c 5e 25 28 31 43 28 31 16 14 fffffa6c 2a3 fffe1f8d
FIXUPS: 1678 19 2d 13 25 6f 15 19 26 28 26 28 26 4c 15 47 c 11 1b 97 11
FIXUPS: 19e9 15 1a 1e85f b fffe17d0 18 fb 1c 64 fffff480 b b 1e 16 16 22
FIXUPS: 110b 7 33 29 24 15 16 1b c 15 15 17 17 27 c f e5 c9 58 e 7e 71
FIXUPS: 15b3 4c f 6668 e 2d 24 47 45 3d 1f 67 2b 40 6c 46 6e e8 33 13 3a
FIXUPS: 812a f 15 15 15 8d 8f 1f 145 1b 2c 16 ffff8bfa b 6527 22 5a 1c
FIXUPS: 7675 1c b6 1c 6e 7 1c 10a 4c 59 16 10 51 25 21 2e d 21 7 22 13
FIXUPS: 7b94 5d 1c 3d b b b fffff535 2a 16 1f 1f 31 39 a 16 3f d 19 7 16
FIXUPS: 735b 58 a d a 7 31 16 2d 13 16 53 41 a d a 7 26 fffff812 e e e
FIXUPS: 6da4 e e e e e e e e e e 4c 12 23 12c 37 b b b 1a 63 1f 24 7 31
FIXUPS: 7154 7 2f fffff721 13 22 54 14 14 14 62 3c 77 13 33 13 27 27 2c
FIXUPS: 6b7f 27 10 2a 23 7 2a a 10 7 1f 54 1c 5e e e fffff521 23 23 23
FIXUPS: 630b 23 23 23 23 23 23 21 3d 1f 1f 1f 1f 1f 1a 37 e e e e 6c 3b
FIXUPS: 6628 46 18 43 142 99 fffff535 31 31 23 23 31 31 31 23 23 23 23
FIXUPS: 5fc3 23 23 23 23 23 23 23 23 23 23 23 23 23 23 23 23 23 23 23 fffff5a5
FIXUPS: 5814 22 16 16 44 22 23f b b b b b b b b 3d 28 1d 1d 23 1d 1d 1d
FIXUPS: 5c95 1d 1d 31 31 31 23 23 fffff50c e 2e 2f 60 2f 29 27 25 c6 37
FIXUPS: 55a5 2c 1b 26 7 7 22 17 25 b b 4b 22 19 2c 7 1e 2e 26 1f 7 ffffefe7
FIXUPS: 47d3 1c b 13 90 1c 5c 10 b3 1f 63 1f 4c 1b 1a5 92 af 41 af 41 8f
FIXUPS: 4fc2 b6 36 17e 1d 25 e e e e ffffef2f 28 38 a 28 1b 22 1b 22 1b
FIXUPS: 43b8 a 28 1b 22 1b 22 1b ab 1b 15 15 b6 1f 16 10 e d 26 46 45 7b
FIXUPS: 398c 49 a 11e 3e b 1f 22 29 2c 60 2b 1a8 b b b b b b b 27 29 29
FIXUPS: 3f20 a cc b7 43 33 40 20 28 ffffe97f 37 8 14e 66 1c 6a 4d d2 68
FIXUPS: 2f4d 4b 7 1f 62 1c 3c 15 16 16 16 16 b4 18e 19d 33 a5 3b a5 8b
FIXUPS: 3726 122 ffffec19 4b 1f 6d 15 2e 52 41 1f 3e 9 1f 4d 8 36 8 36
FIXUPS: 2764 4d 8 bc 50 32 d 10 49 1a 14 51 7 1f 2f fffff488 d 34 d 22
FIXUPS: 1f36 55 d 21 d 50 d 7d b8 1f 1e 22 1f 22 25 1f 1f 4c b 26 27 19
FIXUPS: 235b 9 1f b2 19
